Component: ARM Compiler 5.06 update 7 (build 960) Tool: armlink [4d3601]

==============================================================================

Section Cross References

    startup_stm32f105xc.o(RESET) refers to startup_stm32f105xc.o(STACK) for __initial_sp
    startup_stm32f105xc.o(RESET) refers to startup_stm32f105xc.o(.text) for Reset_Handler
    startup_stm32f105xc.o(RESET) refers to stm32f1xx_it.o(i.NMI_Handler) for NMI_Handler
    startup_stm32f105xc.o(RESET) refers to stm32f1xx_it.o(i.HardFault_Handler) for HardFault_Handler
    startup_stm32f105xc.o(RESET) refers to stm32f1xx_it.o(i.MemManage_Handler) for MemManage_Handler
    startup_stm32f105xc.o(RESET) refers to stm32f1xx_it.o(i.BusFault_Handler) for BusFault_Handler
    startup_stm32f105xc.o(RESET) refers to stm32f1xx_it.o(i.UsageFault_Handler) for UsageFault_Handler
    startup_stm32f105xc.o(RESET) refers to stm32f1xx_it.o(i.SVC_Handler) for SVC_Handler
    startup_stm32f105xc.o(RESET) refers to stm32f1xx_it.o(i.DebugMon_Handler) for DebugMon_Handler
    startup_stm32f105xc.o(RESET) refers to stm32f1xx_it.o(i.PendSV_Handler) for PendSV_Handler
    startup_stm32f105xc.o(RESET) refers to stm32f1xx_it.o(i.SysTick_Handler) for SysTick_Handler
    startup_stm32f105xc.o(RESET) refers to stm32f1xx_it.o(i.CAN1_TX_IRQHandler) for CAN1_TX_IRQHandler
    startup_stm32f105xc.o(RESET) refers to stm32f1xx_it.o(i.CAN1_RX0_IRQHandler) for CAN1_RX0_IRQHandler
    startup_stm32f105xc.o(RESET) refers to stm32f1xx_it.o(i.USART1_IRQHandler) for USART1_IRQHandler
    startup_stm32f105xc.o(RESET) refers to stm32f1xx_it.o(i.USART3_IRQHandler) for USART3_IRQHandler
    startup_stm32f105xc.o(RESET) refers to stm32f1xx_it.o(i.UART4_IRQHandler) for UART4_IRQHandler
    startup_stm32f105xc.o(RESET) refers to stm32f1xx_it.o(i.UART5_IRQHandler) for UART5_IRQHandler
    startup_stm32f105xc.o(RESET) refers to stm32f1xx_it.o(i.TIM6_IRQHandler) for TIM6_IRQHandler
    startup_stm32f105xc.o(.text) refers to system_stm32f1xx.o(i.SystemInit) for SystemInit
    startup_stm32f105xc.o(.text) refers to entry.o(.ARM.Collect$$$$00000000) for __main
    main.o(i.SystemClock_Config) refers to memseta.o(.text) for __aeabi_memclr4
    main.o(i.SystemClock_Config) refers to stm32f1xx_hal_rcc.o(i.HAL_RCC_OscConfig) for HAL_RCC_OscConfig
    main.o(i.SystemClock_Config) refers to stm32f1xx_hal_rcc.o(i.HAL_RCC_ClockConfig) for HAL_RCC_ClockConfig
    main.o(i.SystemClock_Config) refers to stm32f1xx_hal_rcc_ex.o(i.HAL_RCCEx_PeriphCLKConfig) for HAL_RCCEx_PeriphCLKConfig
    main.o(i.__io_putchar) refers to stm32f1xx_hal_uart.o(i.HAL_UART_Transmit) for HAL_UART_Transmit
    main.o(i.__io_putchar) refers to usart.o(.bss) for huart1
    main.o(i.fputc) refers to stm32f1xx_hal_uart.o(i.HAL_UART_Transmit) for HAL_UART_Transmit
    main.o(i.fputc) refers to usart.o(.bss) for huart1
    main.o(i.main) refers to stm32f1xx_hal.o(i.HAL_Init) for HAL_Init
    main.o(i.main) refers to main.o(i.SystemClock_Config) for SystemClock_Config
    main.o(i.main) refers to gpio.o(i.MX_GPIO_Init) for MX_GPIO_Init
    main.o(i.main) refers to can.o(i.MX_CAN1_Init) for MX_CAN1_Init
    main.o(i.main) refers to usart.o(i.MX_UART4_Init) for MX_UART4_Init
    main.o(i.main) refers to usart.o(i.MX_UART5_Init) for MX_UART5_Init
    main.o(i.main) refers to usart.o(i.MX_USART1_UART_Init) for MX_USART1_UART_Init
    main.o(i.main) refers to usart.o(i.MX_USART3_UART_Init) for MX_USART3_UART_Init
    main.o(i.main) refers to tim.o(i.MX_TIM6_Init) for MX_TIM6_Init
    main.o(i.main) refers to adc.o(i.MX_ADC1_Init) for MX_ADC1_Init
    main.o(i.main) refers to dac.o(i.MX_DAC_Init) for MX_DAC_Init
    main.o(i.main) refers to stm32f1xx_hal_tim.o(i.HAL_TIM_Base_Start_IT) for HAL_TIM_Base_Start_IT
    main.o(i.main) refers to stm32f1xx_hal_uart.o(i.HAL_UART_Receive_IT) for HAL_UART_Receive_IT
    main.o(i.main) refers to usart.o(i.Usart_Init) for Usart_Init
    main.o(i.main) refers to can.o(i.Can_Initial) for Can_Initial
    main.o(i.main) refers to stm32f1xx_hal_gpio.o(i.HAL_GPIO_ReadPin) for HAL_GPIO_ReadPin
    main.o(i.main) refers to usart.o(i.DataGetFlowProcess) for DataGetFlowProcess
    main.o(i.main) refers to adc.o(i.GetADCFlowProcess) for GetADCFlowProcess
    main.o(i.main) refers to tim.o(.bss) for htim6
    main.o(i.main) refers to usart.o(.data) for buff
    main.o(i.main) refers to usart.o(.bss) for huart1
    main.o(i.main) refers to main.o(.data) for .data
    gpio.o(i.MX_GPIO_Init) refers to stm32f1xx_hal_gpio.o(i.HAL_GPIO_WritePin) for HAL_GPIO_WritePin
    gpio.o(i.MX_GPIO_Init) refers to stm32f1xx_hal_gpio.o(i.HAL_GPIO_Init) for HAL_GPIO_Init
    adc.o(i.CalcRPM_ADC) refers to fmul.o(.text) for __aeabi_fmul
    adc.o(i.CalcRPM_ADC) refers to fscalb.o(.text) for __ARM_scalbnf
    adc.o(i.CalcRPM_ADC) refers to fadd.o(.text) for __aeabi_fsub
    adc.o(i.CalcRPM_ADC) refers to adc.o(i.MotorMaxRPM_adc) for MotorMaxRPM_adc
    adc.o(i.CalcRPM_ADC) refers to ffixi.o(.text) for __aeabi_f2iz
[...]
    ../clib/microlib/string/memcpy.c         0x00000000   Number         0  memcpya.o ABSOLUTE
    ../clib/microlib/string/memset.c         0x00000000   Number         0  memseta.o ABSOLUTE
    ../clib/microlib/stubs.s                 0x00000000   Number         0  iusefp.o ABSOLUTE
    ../fplib/microlib/d2f.c                  0x00000000   Number         0  d2f.o ABSOLUTE
    ../fplib/microlib/f2d.c                  0x00000000   Number         0  f2d.o ABSOLUTE
    ../fplib/microlib/fpadd.c                0x00000000   Number         0  fadd.o ABSOLUTE
    ../fplib/microlib/fpadd.c                0x00000000   Number         0  dadd.o ABSOLUTE
    ../fplib/microlib/fpdiv.c                0x00000000   Number         0  fdiv.o ABSOLUTE
    ../fplib/microlib/fpdiv.c                0x00000000   Number         0  ddiv.o ABSOLUTE
    ../fplib/microlib/fpepilogue.c           0x00000000   Number         0  fepilogue.o ABSOLUTE
    ../fplib/microlib/fpepilogue.c           0x00000000   Number         0  depilogue.o ABSOLUTE
    ../fplib/microlib/fpfix.c                0x00000000   Number         0  ffixi.o ABSOLUTE
    ../fplib/microlib/fpfix.c                0x00000000   Number         0  dfixul.o ABSOLUTE
    ../fplib/microlib/fpflt.c                0x00000000   Number         0  fflti.o ABSOLUTE
    ../fplib/microlib/fpflt.c                0x00000000   Number         0  dflti.o ABSOLUTE
    ../fplib/microlib/fpmul.c                0x00000000   Number         0  dmul.o ABSOLUTE
    ../fplib/microlib/fpmul.c                0x00000000   Number         0  fmul.o ABSOLUTE
    ../fplib/microlib/fprnd.c                0x00000000   Number         0  drnd.o ABSOLUTE
    ../fplib/microlib/fpscalb.c              0x00000000   Number         0  fscalb.o ABSOLUTE
    ../mathlib/round.c                       0x00000000   Number         0  round.o ABSOLUTE
    ..\Core\Src\adc.c                        0x00000000   Number         0  adc.o ABSOLUTE
    ..\Core\Src\can.c                        0x00000000   Number         0  can.o ABSOLUTE
    ..\Core\Src\dac.c                        0x00000000   Number         0  dac.o ABSOLUTE
    ..\Core\Src\gpio.c                       0x00000000   Number         0  gpio.o ABSOLUTE
    ..\Core\Src\main.c                       0x00000000   Number         0  main.o ABSOLUTE
    ..\Core\Src\stm32f1xx_hal_msp.c          0x00000000   Number         0  stm32f1xx_hal_msp.o ABSOLUTE
    ..\Core\Src\stm32f1xx_it.c               0x00000000   Number         0  stm32f1xx_it.o ABSOLUTE
    ..\Core\Src\system_stm32f1xx.c           0x00000000   Number         0  system_stm32f1xx.o ABSOLUTE
    ..\Core\Src\tim.c                        0x00000000   Number         0  tim.o ABSOLUTE
    ..\Core\Src\usart.c                      0x00000000   Number         0  usart.o ABSOLUTE
    ..\Drivers\STM32F1xx_HAL_Driver\Src\stm32f1xx_hal.c 0x00000000   Number         0  stm32f1xx_hal.o ABSOLUTE
    ..\Drivers\STM32F1xx_HAL_Driver\Src\stm32f1xx_hal_adc.c 0x00000000   Number         0  stm32f1xx_hal_adc.o ABSOLUTE
    ..\Drivers\STM32F1xx_HAL_Driver\Src\stm32f1xx_hal_adc_ex.c 0x00000000   Number         0  stm32f1xx_hal_adc_ex.o ABSOLUTE
    ..\Drivers\STM32F1xx_HAL_Driver\Src\stm32f1xx_hal_can.c 0x00000000   Number         0  stm32f1xx_hal_can.o ABSOLUTE
    ..\Drivers\STM32F1xx_HAL_Driver\Src\stm32f1xx_hal_cortex.c 0x00000000   Number         0  stm32f1xx_hal_cortex.o ABSOLUTE
    ..\Drivers\STM32F1xx_HAL_Driver\Src\stm32f1xx_hal_dac.c 0x00000000   Number         0  stm32f1xx_hal_dac.o ABSOLUTE
    ..\Drivers\STM32F1xx_HAL_Driver\Src\stm32f1xx_hal_dac_ex.c 0x00000000   Number         0  stm32f1xx_hal_dac_ex.o ABSOLUTE
    ..\Drivers\STM32F1xx_HAL_Driver\Src\stm32f1xx_hal_dma.c 0x00000000   Number         0  stm32f1xx_hal_dma.o ABSOLUTE
    ..\Drivers\STM32F1xx_HAL_Driver\Src\stm32f1xx_hal_exti.c 0x00000000   Number         0  stm32f1xx_hal_exti.o ABSOLUTE
    ..\Drivers\STM32F1xx_HAL_Driver\Src\stm32f1xx_hal_flash.c 0x00000000   Number         0  stm32f1xx_hal_flash.o ABSOLUTE
    ..\Drivers\STM32F1xx_HAL_Driver\Src\stm32f1xx_hal_flash_ex.c 0x00000000   Number         0  stm32f1xx_hal_flash_ex.o ABSOLUTE
    ..\Drivers\STM32F1xx_HAL_Driver\Src\stm32f1xx_hal_gpio.c 0x00000000   Number         0  stm32f1xx_hal_gpio.o ABSOLUTE
    ..\Drivers\STM32F1xx_HAL_Driver\Src\stm32f1xx_hal_gpio_ex.c 0x00000000   Number         0  stm32f1xx_hal_gpio_ex.o ABSOLUTE
    ..\Drivers\STM32F1xx_HAL_Driver\Src\stm32f1xx_hal_pwr.c 0x00000000   Number         0  stm32f1xx_hal_pwr.o ABSOLUTE
    ..\Drivers\STM32F1xx_HAL_Driver\Src\stm32f1xx_hal_rcc.c 0x00000000   Number         0  stm32f1xx_hal_rcc.o ABSOLUTE
    ..\Drivers\STM32F1xx_HAL_Driver\Src\stm32f1xx_hal_rcc_ex.c 0x00000000   Number         0  stm32f1xx_hal_rcc_ex.o ABSOLUTE
    ..\Drivers\STM32F1xx_HAL_Driver\Src\stm32f1xx_hal_tim.c 0x00000000   Number         0  stm32f1xx_hal_tim.o ABSOLUTE
    ..\Drivers\STM32F1xx_HAL_Driver\Src\stm32f1xx_hal_tim_ex.c 0x00000000   Number         0  stm32f1xx_hal_tim_ex.o ABSOLUTE
    ..\Drivers\STM32F1xx_HAL_Driver\Src\stm32f1xx_hal_uart.c 0x00000000   Number         0  stm32f1xx_hal_uart.o ABSOLUTE
    cdcmple.s                                0x00000000   Number         0  cdcmple.o ABSOLUTE
    cdrcmple.s                               0x00000000   Number         0  cdrcmple.o ABSOLUTE
    dc.s                                     0x00000000   Number         0  dc.o ABSOLUTE
    handlers.s                               0x00000000   Number         0  handlers.o ABSOLUTE
    init.s                                   0x00000000   Number         0  init.o ABSOLUTE
    startup_stm32f105xc.s                    0x00000000   Number         0  startup_stm32f105xc.o ABSOLUTE
    RESET                                    0x08000000   Section      336  startup_stm32f105xc.o(RESET)
    .ARM.Collect$$$$00000000                 0x08000150   Section        0  entry.o(.ARM.Collect$$$$00000000)
    .ARM.Collect$$$$00000001                 0x08000150   Section        4  entry2.o(.ARM.Collect$$$$00000001)
    .ARM.Collect$$$$00000004                 0x08000154   Section        4  entry5.o(.ARM.Collect$$$$00000004)
    .ARM.Collect$$$$00000008                 0x08000158   Section        0  entry7b.o(.ARM.Collect$$$$00000008)
    .ARM.Collect$$$$0000000A                 0x08000158   Section        0  entry8b.o(.ARM.Collect$$$$0000000A)
    .ARM.Collect$$$$0000000B                 0x08000158   Section        8  entry9a.o(.ARM.Collect$$$$0000000B)
    .ARM.Collect$$$$0000000E                 0x08000160   Section        4  entry12b.o(.ARM.Collect$$$$0000000E)
    .ARM.Collect$$$$0000000F                 0x08000164   Section        0  entry10a.o(.ARM.Collect$$$$0000000F)
    .ARM.Collect$$$$00000011                 0x08000164   Section        0  entry11a.o(.ARM.Collect$$$$00000011)
    .ARM.Collect$$$$00002712                 0x08000164   Section        4  entry2.o(.ARM.Collect$$$$00002712)
    __lit__00000000                          0x08000164   Data           4  entry2.o(.ARM.Collect$$$$00002712)
    .text                                    0x08000168   Section       36  startup_stm32f105xc.o(.text)
    .text                                    0x0800018c   Section        0  uldiv.o(.text)
    .text                                    0x080001ee   Section        0  llushr.o(.text)
    .text                                    0x0800020e   Section        0  memcpya.o(.text)
    .text                                    0x08000232   Section        0  memseta.o(.text)
    .text                                    0x08000256   Section        0  fadd.o(.text)
    .text                                    0x08000306   Section        0  fmul.o(.text)
    .text                                    0x0800036a   Section        0  fdiv.o(.text)
    .text                                    0x080003e6   Section        0  fscalb.o(.text)
    .text                                    0x080003fe   Section        0  dmul.o(.text)
    .text                                    0x080004e2   Section        0  ddiv.o(.text)
    .text                                    0x080005c0   Section        0  dflti.o(.text)
    .text                                    0x080005e2   Section        0  ffixi.o(.text)
    .text                                    0x08000614   Section        0  d2f.o(.text)
    .text                                    0x0800064c   Section        0  llshl.o(.text)
    .text                                    0x0800066a   Section        0  iusefp.o(.text)
    .text                                    0x0800066a   Section        0  fepilogue.o(.text)
    .text                                    0x080006d8   Section        0  depilogue.o(.text)
    .text                                    0x08000794   Section       36  init.o(.text)
    i.ADC_ConversionStop_Disable             0x080007b8   Section        0  stm32f1xx_hal_adc.o(i.ADC_ConversionStop_Disable)
    i.ADC_Enable                             0x08000810   Section        0  stm32f1xx_hal_adc.o(i.ADC_Enable)
    i.BusFault_Handler                       0x0800088c   Section        0  stm32f1xx_it.o(i.BusFault_Handler)
    i.CAN1_RX0_IRQHandler                    0x08000890   Section        0  stm32f1xx_it.o(i.CAN1_RX0_IRQHandler)
    i.CAN1_TX_IRQHandler                     0x0800089c   Section        0  stm32f1xx_it.o(i.CAN1_TX_IRQHandler)
    i.CalcRPM                                0x080008a8   Section        0  usart.o(i.CalcRPM)
    i.CalcRPM_ADC                            0x08000900   Section        0  adc.o(i.CalcRPM_ADC)
    i.Can_Initial                            0x08000964   Section        0  can.o(i.Can_Initial)
    i.CommBufClear                           0x080009c0   Section        0  usart.o(i.CommBufClear)
    i.CommGetChar                            0x08000a24   Section        0  usart.o(i.CommGetChar)
    i.DataGetFlowProcess                     0x08000a28   Section        0  usart.o(i.DataGetFlowProcess)
    i.DataSendToMotor                        0x08000d74   Section        0  usart.o(i.DataSendToMotor)
    i.DebugMon_Handler                       0x08000e34   Section        0  stm32f1xx_it.o(i.DebugMon_Handler)
    i.Error_Handler                          0x08000e36   Section        0  main.o(i.Error_Handler)
    i.GetADCFlowProcess                      0x08000e3c   Section        0  adc.o(i.GetADCFlowProcess)
    i.GetCheckSum                            0x08000f64   Section        0  usart.o(i.GetCheckSum)
    i.HAL_ADC_ConfigChannel                  0x08000f84   Section        0  stm32f1xx_hal_adc.o(i.HAL_ADC_ConfigChannel)
    i.HAL_ADC_GetValue                       0x08001080   Section        0  stm32f1xx_hal_adc.o(i.HAL_ADC_GetValue)
    i.HAL_ADC_Init                           0x08001088   Section        0  stm32f1xx_hal_adc.o(i.HAL_ADC_Init)
    i.HAL_ADC_MspInit                        0x080011a4   Section        0  adc.o(i.HAL_ADC_MspInit)
    i.HAL_ADC_PollForConversion              0x080011fc   Section        0  stm32f1xx_hal_adc.o(i.HAL_ADC_PollForConversion)
    i.HAL_ADC_Start                          0x08001338   Section        0  stm32f1xx_hal_adc.o(i.HAL_ADC_Start)
    i.HAL_ADC_Stop                           0x080013f8   Section        0  stm32f1xx_hal_adc.o(i.HAL_ADC_Stop)
    i.HAL_CAN_ActivateNotification           0x0800142c   Section        0  stm32f1xx_hal_can.o(i.HAL_CAN_ActivateNotification)
    i.HAL_CAN_AddTxMessage                   0x08001450   Section        0  stm32f1xx_hal_can.o(i.HAL_CAN_AddTxMessage)
    i.HAL_CAN_ConfigFilter                   0x0800152c   Section        0  stm32f1xx_hal_can.o(i.HAL_CAN_ConfigFilter)
    i.HAL_CAN_ErrorCallback                  0x08001638   Section        0  stm32f1xx_hal_can.o(i.HAL_CAN_ErrorCallback)
    i.HAL_CAN_GetRxMessage                   0x0800163a   Section        0  stm32f1xx_hal_can.o(i.HAL_CAN_GetRxMessage)
    i.HAL_CAN_IRQHandler                     0x08001722   Section        0  stm32f1xx_hal_can.o(i.HAL_CAN_IRQHandler)
    i.HAL_CAN_Init                           0x0800191e   Section        0  stm32f1xx_hal_can.o(i.HAL_CAN_Init)
    i.HAL_CAN_MspInit                        0x08001a38   Section        0  can.o(i.HAL_CAN_MspInit)
    i.HAL_CAN_RxFifo0FullCallback            0x08001ac4   Section        0  stm32f1xx_hal_can.o(i.HAL_CAN_RxFifo0FullCallback)
    i.HAL_CAN_RxFifo0MsgPendingCallback      0x08001ac8   Section        0  can.o(i.HAL_CAN_RxFifo0MsgPendingCallback)
    i.HAL_CAN_RxFifo1FullCallback            0x08001b3c   Section        0  stm32f1xx_hal_can.o(i.HAL_CAN_RxFifo1FullCallback)
    i.HAL_CAN_RxFifo1MsgPendingCallback      0x08001b3e   Section        0  stm32f1xx_hal_can.o(i.HAL_CAN_RxFifo1MsgPendingCallback)
    i.HAL_CAN_SleepCallback                  0x08001b40   Section        0  stm32f1xx_hal_can.o(i.HAL_CAN_SleepCallback)
    i.HAL_CAN_Start                          0x08001b44   Section        0  stm32f1xx_hal_can.o(i.HAL_CAN_Start)
    i.HAL_CAN_TxMailbox0AbortCallback        0x08001b9c   Section        0  stm32f1xx_hal_can.o(i.HAL_CAN_TxMailbox0AbortCallback)
    i.HAL_CAN_TxMailbox0CompleteCallback     0x08001b9e   Section        0  stm32f1xx_hal_can.o(i.HAL_CAN_TxMailbox0CompleteCallback)
    i.HAL_CAN_TxMailbox1AbortCallback        0x08001ba0   Section        0  stm32f1xx_hal_can.o(i.HAL_CAN_TxMailbox1AbortCallback)
    i.HAL_CAN_TxMailbox1CompleteCallback     0x08001ba2   Section        0  stm32f1xx_hal_can.o(i.HAL_CAN_TxMailbox1CompleteCallback)
    i.HAL_CAN_TxMailbox2AbortCallback        0x08001ba4   Section        0  stm32f1xx_hal_can.o(i.HAL_CAN_TxMailbox2AbortCallback)
    i.HAL_CAN_TxMailbox2CompleteCallback     0x08001ba6   Section        0  stm32f1xx_hal_can.o(i.HAL_CAN_TxMailbox2CompleteCallback)
    i.HAL_CAN_WakeUpFromRxMsgCallback        0x08001ba8   Section        0  stm32f1xx_hal_can.o(i.HAL_CAN_WakeUpFromRxMsgCallback)
    i.HAL_DAC_ConfigChannel                  0x08001baa   Section        0  stm32f1xx_hal_dac.o(i.HAL_DAC_ConfigChannel)
    i.HAL_DAC_Init                           0x08001bf0   Section        0  stm32f1xx_hal_dac.o(i.HAL_DAC_Init)
    i.HAL_DAC_MspInit                        0x08001c18   Section        0  dac.o(i.HAL_DAC_MspInit)
    i.HAL_DMA_Abort                          0x08001c70   Section        0  stm32f1xx_hal_dma.o(i.HAL_DMA_Abort)
    i.HAL_DMA_Abort_IT                       0x08001cb8   Section        0  stm32f1xx_hal_dma.o(i.HAL_DMA_Abort_IT)
    i.HAL_Delay                              0x08001de8   Section        0  stm32f1xx_hal.o(i.HAL_Delay)
    i.HAL_GPIO_Init                          0x08001e0c   Section        0  stm32f1xx_hal_gpio.o(i.HAL_GPIO_Init)
    i.HAL_GPIO_ReadPin                       0x08001fec   Section        0  stm32f1xx_hal_gpio.o(i.HAL_GPIO_ReadPin)
    i.HAL_GPIO_TogglePin                     0x08001ff6   Section        0  stm32f1xx_hal_gpio.o(i.HAL_GPIO_TogglePin)
    i.HAL_GPIO_WritePin                      0x08002006   Section        0  stm32f1xx_hal_gpio.o(i.HAL_GPIO_WritePin)
    i.HAL_GetTick                            0x08002010   Section        0  stm32f1xx_hal.o(i.HAL_GetTick)
    i.HAL_IncTick                            0x0800201c   Section        0  stm32f1xx_hal.o(i.HAL_IncTick)
    i.HAL_Init                               0x0800202c   Section        0  stm32f1xx_hal.o(i.HAL_Init)
    i.HAL_InitTick                           0x08002050   Section        0  stm32f1xx_hal.o(i.HAL_InitTick)
    i.HAL_MspInit                            0x08002090   Section        0  stm32f1xx_hal_msp.o(i.HAL_MspInit)
    i.HAL_NVIC_DisableIRQ                    0x080020bc   Section        0  stm32f1xx_hal_cortex.o(i.HAL_NVIC_DisableIRQ)
    i.HAL_NVIC_EnableIRQ                     0x080020de   Section        0  stm32f1xx_hal_cortex.o(i.HAL_NVIC_EnableIRQ)
    i.HAL_NVIC_SetPriority                   0x080020f8   Section        0  stm32f1xx_hal_cortex.o(i.HAL_NVIC_SetPriority)
    i.HAL_NVIC_SetPriorityGrouping           0x08002138   Section        0  stm32f1xx_hal_cortex.o(i.HAL_NVIC_SetPriorityGrouping)
    i.HAL_RCCEx_GetPeriphCLKFreq             0x0800215c   Section        0  stm32f1xx_hal_rcc_ex.o(i.HAL_RCCEx_GetPeriphCLKFreq)
    i.HAL_RCCEx_PeriphCLKConfig              0x08002298   Section        0  stm32f1xx_hal_rcc_ex.o(i.HAL_RCCEx_PeriphCLKConfig)
    i.HAL_RCC_ClockConfig                    0x08002420   Section        0  stm32f1xx_hal_rcc.o(i.HAL_RCC_ClockConfig)
    i.HAL_RCC_GetPCLK1Freq                   0x0800254c   Section        0  stm32f1xx_hal_rcc.o(i.HAL_RCC_GetPCLK1Freq)
    i.HAL_RCC_GetPCLK2Freq                   0x0800256c   Section        0  stm32f1xx_hal_rcc.o(i.HAL_RCC_GetPCLK2Freq)
    i.HAL_RCC_GetSysClockFreq                0x0800258c   Section        0  stm32f1xx_hal_rcc.o(i.HAL_RCC_GetSysClockFreq)
    i.HAL_RCC_OscConfig                      0x08002648   Section        0  stm32f1xx_hal_rcc.o(i.HAL_RCC_OscConfig)
    i.HAL_SYSTICK_Config                     0x08002a2c   Section        0  stm32f1xx_hal_cortex.o(i.HAL_SYSTICK_Config)
    i.HAL_TIMEx_BreakCallback                0x08002a54   Section        0  stm32f1xx_hal_tim_ex.o(i.HAL_TIMEx_BreakCallback)
    i.HAL_TIMEx_CommutCallback               0x08002a56   Section        0  stm32f1xx_hal_tim_ex.o(i.HAL_TIMEx_CommutCallback)
    i.HAL_TIMEx_MasterConfigSynchronization  0x08002a58   Section        0  stm32f1xx_hal_tim_ex.o(i.HAL_TIMEx_MasterConfigSynchronization)
    i.HAL_TIM_Base_Init                      0x08002acc   Section        0  stm32f1xx_hal_tim.o(i.HAL_TIM_Base_Init)
    i.HAL_TIM_Base_MspInit                   0x08002b28   Section        0  tim.o(i.HAL_TIM_Base_MspInit)
    i.HAL_TIM_Base_Start_IT                  0x08002b64   Section        0  stm32f1xx_hal_tim.o(i.HAL_TIM_Base_Start_IT)
    i.HAL_TIM_IC_CaptureCallback             0x08002bc8   Section        0  stm32f1xx_hal_tim.o(i.HAL_TIM_IC_CaptureCallback)
    i.HAL_TIM_IRQHandler                     0x08002bca   Section        0  stm32f1xx_hal_tim.o(i.HAL_TIM_IRQHandler)
    i.HAL_TIM_OC_DelayElapsedCallback        0x08002d30   Section        0  stm32f1xx_hal_tim.o(i.HAL_TIM_OC_DelayElapsedCallback)
    i.HAL_TIM_PWM_PulseFinishedCallback      0x08002d32   Section        0  stm32f1xx_hal_tim.o(i.HAL_TIM_PWM_PulseFinishedCallback)
    i.HAL_TIM_PeriodElapsedCallback          0x08002d34   Section        0  tim.o(i.HAL_TIM_PeriodElapsedCallback)
    i.HAL_TIM_TriggerCallback                0x08002dec   Section        0  stm32f1xx_hal_tim.o(i.HAL_TIM_TriggerCallback)
    i.HAL_UARTEx_RxEventCallback             0x08002dee   Section        0  stm32f1xx_hal_uart.o(i.HAL_UARTEx_RxEventCallback)
    i.HAL_UART_ErrorCallback                 0x08002df0   Section        0  stm32f1xx_hal_uart.o(i.HAL_UART_ErrorCallback)
    i.HAL_UART_IRQHandler                    0x08002df4   Section        0  stm32f1xx_hal_uart.o(i.HAL_UART_IRQHandler)
    i.HAL_UART_Init                          0x08003000   Section        0  stm32f1xx_hal_uart.o(i.HAL_UART_Init)
    i.HAL_UART_MspInit                       0x08003064   Section        0  usart.o(i.HAL_UART_MspInit)
    i.HAL_UART_Receive_IT                    0x08003208   Section        0  stm32f1xx_hal_uart.o(i.HAL_UART_Receive_IT)
    i.HAL_UART_RxCpltCallback                0x08003234   Section        0  usart.o(i.HAL_UART_RxCpltCallback)
    i.HAL_UART_Transmit                      0x08003370   Section        0  stm32f1xx_hal_uart.o(i.HAL_UART_Transmit)
    i.HAL_UART_TxCpltCallback                0x08003422   Section        0  stm32f1xx_hal_uart.o(i.HAL_UART_TxCpltCallback)
    i.HardFault_Handler                      0x08003424   Section        0  stm32f1xx_it.o(i.HardFault_Handler)
    i.Int2Byte                               0x08003426   Section        0  usart.o(i.Int2Byte)
    i.MX_ADC1_Init                           0x08003438   Section        0  adc.o(i.MX_ADC1_Init)
    i.MX_CAN1_Init                           0x080034dc   Section        0  can.o(i.MX_CAN1_Init)
    i.MX_DAC_Init                            0x08003520   Section        0  dac.o(i.MX_DAC_Init)
    i.MX_GPIO_Init                           0x0800356c   Section        0  gpio.o(i.MX_GPIO_Init)
    i.MX_TIM6_Init                           0x08003658   Section        0  tim.o(i.MX_TIM6_Init)
    i.MX_UART4_Init                          0x0800369c   Section        0  usart.o(i.MX_UART4_Init)
    i.MX_UART5_Init                          0x080036dc   Section        0  usart.o(i.MX_UART5_Init)
    i.MX_USART1_UART_Init                    0x08003714   Section        0  usart.o(i.MX_USART1_UART_Init)
    i.MX_USART3_UART_Init                    0x08003750   Section        0  usart.o(i.MX_USART3_UART_Init)
    i.MemManage_Handler                      0x0800378c   Section        0  stm32f1xx_it.o(i.MemManage_Handler)
    i.MotorMaxRPM                            0x08003790   Section        0  usart.o(i.MotorMaxRPM)
    i.MotorMaxRPM_adc                        0x080037c4   Section        0  adc.o(i.MotorMaxRPM_adc)
    i.NMI_Handler                            0x080037f8   Section        0  stm32f1xx_it.o(i.NMI_Handler)
    i.PendSV_Handler                         0x080037fa   Section        0  stm32f1xx_it.o(i.PendSV_Handler)
    i.SVC_Handler                            0x080037fc   Section        0  stm32f1xx_it.o(i.SVC_Handler)
    i.SerialToCanSendProcess                 0x08003800   Section        0  can.o(i.SerialToCanSendProcess)
    i.SysTick_Handler                        0x08003848   Section        0  stm32f1xx_it.o(i.SysTick_Handler)
    i.SystemClock_Config                     0x0800384c   Section        0  main.o(i.SystemClock_Config)
    i.SystemInit                             0x080038cc   Section        0  system_stm32f1xx.o(i.SystemInit)
    i.TIM6_IRQHandler                        0x080038d0   Section        0  stm32f1xx_it.o(i.TIM6_IRQHandler)
    i.TIM_Base_SetConfig                     0x080038dc   Section        0  stm32f1xx_hal_tim.o(i.TIM_Base_SetConfig)
    i.UART4_IRQHandler                       0x08003958   Section        0  stm32f1xx_it.o(i.UART4_IRQHandler)
    i.UART5_IRQHandler                       0x08003964   Section        0  stm32f1xx_it.o(i.UART5_IRQHandler)
    i.UART_DMAAbortOnError                   0x08003970   Section        0  stm32f1xx_hal_uart.o(i.UART_DMAAbortOnError)
    UART_DMAAbortOnError                     0x08003971   Thumb Code    16  stm32f1xx_hal_uart.o(i.UART_DMAAbortOnError)
    i.UART_EndRxTransfer                     0x08003980   Section        0  stm32f1xx_hal_uart.o(i.UART_EndRxTransfer)
    UART_EndRxTransfer                       0x08003981   Thumb Code    48  stm32f1xx_hal_uart.o(i.UART_EndRxTransfer)
    i.UART_Receive_IT                        0x080039b0   Section        0  stm32f1xx_hal_uart.o(i.UART_Receive_IT)
    UART_Receive_IT                          0x080039b1   Thumb Code   182  stm32f1xx_hal_uart.o(i.UART_Receive_IT)
    i.UART_SetConfig                         0x08003a68   Section        0  stm32f1xx_hal_uart.o(i.UART_SetConfig)
    UART_SetConfig                           0x08003a69   Thumb Code   178  stm32f1xx_hal_uart.o(i.UART_SetConfig)
    i.UART_Start_Receive_IT                  0x08003b20   Section        0  stm32f1xx_hal_uart.o(i.UART_Start_Receive_IT)
    i.UART_WaitOnFlagUntilTimeout            0x08003b56   Section        0  stm32f1xx_hal_uart.o(i.UART_WaitOnFlagUntilTimeout)
    UART_WaitOnFlagUntilTimeout              0x08003b57   Thumb Code   100  stm32f1xx_hal_uart.o(i.UART_WaitOnFlagUntilTimeout)
    i.USART1_IRQHandler                      0x08003bbc   Section        0  stm32f1xx_it.o(i.USART1_IRQHandler)
    i.USART3_IRQHandler                      0x08003bc8   Section        0  stm32f1xx_it.o(i.USART3_IRQHandler)
    i.Uart_EmptyRxQ                          0x08003bd4   Section        0  usart.o(i.Uart_EmptyRxQ)
    i.Uart_RxQRead                           0x08003bf4   Section        0  usart.o(i.Uart_RxQRead)
    i.UsageFault_Handler                     0x08003c30   Section        0  stm32f1xx_it.o(i.UsageFault_Handler)
    i.Usart_Init                             0x08003c34   Section        0  usart.o(i.Usart_Init)
    i.__0printf$8                            0x08003cc8   Section        0  printf8.o(i.__0printf$8)
    i.__NVIC_SetPriority                     0x08003ce8   Section        0  stm32f1xx_hal_cortex.o(i.__NVIC_SetPriority)
    __NVIC_SetPriority                       0x08003ce9   Thumb Code    32  stm32f1xx_hal_cortex.o(i.__NVIC_SetPriority)
    i.__scatterload_copy                     0x08003d08   Section       14  handlers.o(i.__scatterload_copy)
    i.__scatterload_null                     0x08003d16   Section        2  handlers.o(i.__scatterload_null)
    i.__scatterload_zeroinit                 0x08003d18   Section       14  handlers.o(i.__scatterload_zeroinit)
    i._printf_core                           0x08003d28   Section        0  printf8.o(i._printf_core)
    _printf_core                             0x08003d29   Thumb Code   984  printf8.o(i._printf_core)
    i._printf_post_padding                   0x0800412c   Section        0  printf8.o(i._printf_post_padding)
    _printf_post_padding                     0x0800412d   Thumb Code    36  printf8.o(i._printf_post_padding)
    i._printf_pre_padding                    0x08004150   Section        0  printf8.o(i._printf_pre_padding)
    _printf_pre_padding                      0x08004151   Thumb Code    46  printf8.o(i._printf_pre_padding)
    i.fputc                                  0x08004180   Section        0  main.o(i.fputc)
    i.free                                   0x08004198   Section        0  malloc.o(i.free)
    i.ibus_checksum                          0x080041e8   Section        0  usart.o(i.ibus_checksum)
    i.ibus_is_valid                          0x08004210   Section        0  usart.o(i.ibus_is_valid)
    i.ibus_read                              0x0800422c   Section        0  usart.o(i.ibus_read)
    i.ibus_update                            0x0800424c   Section        0  usart.o(i.ibus_update)
    i.main                                   0x08004270   Section        0  main.o(i.main)
    i.malloc                                 0x08004370   Section        0  malloc.o(i.malloc)
    .constdata                               0x080043dc   Section       16  system_stm32f1xx.o(.constdata)
    .constdata                               0x080043ec   Section        8  system_stm32f1xx.o(.constdata)
    .data                                    0x20000000   Section        4  main.o(.data)
    .data                                    0x20000004   Section       32  adc.o(.data)
    .data                                    0x20000024   Section       28  can.o(.data)
    .data                                    0x20000040   Section       20  tim.o(.data)
    .data                                    0x20000054   Section      146  usart.o(.data)
    .data                                    0x200000e8   Section       12  stm32f1xx_hal.o(.data)
    .data                                    0x200000f4   Section        4  system_stm32f1xx.o(.data)
    .data                                    0x200000f8   Section        4  stdout.o(.data)
    .data                                    0x200000fc   Section        4  mvars.o(.data)
    .data                                    0x20000100   Section        4  mvars.o(.data)
    .bss                                     0x20000104   Section       64  adc.o(.bss)
    .bss                                     0x20000144   Section     1752  can.o(.bss)
    .bss                                     0x2000081c   Section       20  dac.o(.bss)
    .bss                                     0x20000830   Section      108  tim.o(.bss)
    .bss                                     0x2000089c   Section    20924  usart.o(.bss)
    HEAP                                     0x20005a58   Section      512  startup_stm32f105xc.o(HEAP)
    STACK                                    0x20005c58   Section     1024  startup_stm32f105xc.o(STACK)

    Global Symbols

    Symbol Name                              Value     Ov Type        Size  Object(Section)

    BuildAttributes$$THM_ISAv4$P$D$K$B$S$PE$A:L22UL41UL21$X:L11$S22US41US21$IEEE1$IW$USESV6$~STKCKD$USESV7$~SHL$OTIME$ROPI$IEEEJ$EBA8$MICROLIB$REQ8$PRES8$EABIv2 0x00000000   Number         0  anon$$obj.o ABSOLUTE
    __ARM_use_no_argv                        0x00000000   Number         0  main.o ABSOLUTE
    _printf_a                                0x00000000   Number         0  stubs.o ABSOLUTE
    _printf_c                                0x00000000   Number         0  stubs.o ABSOLUTE
    _printf_charcount                        0x00000000   Number         0  stubs.o ABSOLUTE
    _printf_d                                0x00000000   Number         0  stubs.o ABSOLUTE
    _printf_e                                0x00000000   Number         0  stubs.o ABSOLUTE
    _printf_f                                0x00000000   Number         0  stubs.o ABSOLUTE
    _printf_flags                            0x00000000   Number         0  stubs.o ABSOLUTE
    _printf_fp_dec                           0x00000000   Number         0  stubs.o ABSOLUTE
    _printf_fp_hex                           0x00000000   Number         0  stubs.o ABSOLUTE
    _printf_g                                0x00000000   Number         0  stubs.o ABSOLUTE
    _printf_i                                0x00000000   Number         0  stubs.o ABSOLUTE
    _printf_int_dec                          0x00000000   Number         0  stubs.o ABSOLUTE
    _printf_l                                0x00000000   Number         0  stubs.o ABSOLUTE
    _printf_lc                               0x00000000   Number         0  stubs.o ABSOLUTE
    _printf_ll                               0x00000000   Number         0  stubs.o ABSOLUTE
    _printf_lld                              0x00000000   Number         0  stubs.o ABSOLUTE
    _printf_lli                              0x00000000   Number         0  stubs.o ABSOLUTE
    _printf_llo                              0x00000000   Number         0  stubs.o ABSOLUTE
    _printf_llu                              0x00000000   Number         0  stubs.o ABSOLUTE
    _printf_llx                              0x00000000   Number         0  stubs.o ABSOLUTE
    _printf_longlong_dec                     0x00000000   Number         0  stubs.o ABSOLUTE
    _printf_longlong_hex                     0x00000000   Number         0  stubs.o ABSOLUTE
    _printf_longlong_oct                     0x00000000   Number         0  stubs.o ABSOLUTE
    _printf_ls                               0x00000000   Number         0  stubs.o ABSOLUTE
    _printf_mbtowc                           0x00000000   Number         0  stubs.o ABSOLUTE
    _printf_n                                0x00000000   Number         0  stubs.o ABSOLUTE
    _printf_o                                0x00000000   Number         0  stubs.o ABSOLUTE
    _printf_p                                0x00000000   Number         0  stubs.o ABSOLUTE
    _printf_percent                          0x00000000   Number         0  stubs.o ABSOLUTE
    _printf_pre_padding                      0x00000000   Number         0  stubs.o ABSOLUTE
    _printf_return_value                     0x00000000   Number         0  stubs.o ABSOLUTE
    _printf_s                                0x00000000   Number         0  stubs.o ABSOLUTE
    _printf_sizespec                         0x00000000   Number         0  stubs.o ABSOLUTE
    _printf_str                              0x00000000   Number         0  stubs.o ABSOLUTE
    _printf_truncate_signed                  0x00000000   Number         0  stubs.o ABSOLUTE
    _printf_truncate_unsigned                0x00000000   Number         0  stubs.o ABSOLUTE
    _printf_u                                0x00000000   Number         0  stubs.o ABSOLUTE
    _printf_wc                               0x00000000   Number         0  stubs.o ABSOLUTE
    _printf_wctomb                           0x00000000   Number         0  stubs.o ABSOLUTE
    _printf_widthprec                        0x00000000   Number         0  stubs.o ABSOLUTE
    _printf_x                                0x00000000   Number         0  stubs.o ABSOLUTE
    __arm_fini_                               - Undefined Weak Reference
    __cpp_initialize__aeabi_                  - Undefined Weak Reference
    __cxa_finalize                            - Undefined Weak Reference
    __decompress                              - Undefined Weak Reference
    _clock_init                               - Undefined Weak Reference
    _microlib_exit                            - Undefined Weak Reference
    __Vectors_Size                           0x00000150   Number         0  startup_stm32f105xc.o ABSOLUTE
    __Vectors                                0x08000000   Data           4  startup_stm32f105xc.o(RESET)
    __Vectors_End                            0x08000150   Data           0  startup_stm32f105xc.o(RESET)
    __main                                   0x08000151   Thumb Code     0  entry.o(.ARM.Collect$$$$00000000)
    _main_stk                                0x08000151   Thumb Code     0  entry2.o(.ARM.Collect$$$$00000001)
    _main_scatterload                        0x08000155   Thumb Code     0  entry5.o(.ARM.Collect$$$$00000004)
    __main_after_scatterload                 0x08000159   Thumb Code     0  entry5.o(.ARM.Collect$$$$00000004)
    _main_clock                              0x08000159   Thumb Code     0  entry7b.o(.ARM.Collect$$$$00000008)
    _main_cpp_init                           0x08000159   Thumb Code     0  entry8b.o(.ARM.Collect$$$$0000000A)
    _main_init                               0x08000159   Thumb Code     0  entry9a.o(.ARM.Collect$$$$0000000B)
    __rt_lib_shutdown_fini                   0x08000161   Thumb Code     0  entry12b.o(.ARM.Collect$$$$0000000E)
    __rt_final_cpp                           0x08000165   Thumb Code     0  entry10a.o(.ARM.Collect$$$$0000000F)
    __rt_final_exit                          0x08000165   Thumb Code     0  entry11a.o(.ARM.Collect$$$$00000011)
    Reset_Handler                            0x08000169   Thumb Code     8  startup_stm32f105xc.o(.text)
    ADC1_2_IRQHandler                        0x08000183   Thumb Code     0  startup_stm32f105xc.o(.text)
    CAN1_RX1_IRQHandler                      0x08000183   Thumb Code     0  startup_stm32f105xc.o(.text)
    CAN1_SCE_IRQHandler                      0x08000183   Thumb Code     0  startup_stm32f105xc.o(.text)
    CAN2_RX0_IRQHandler                      0x08000183   Thumb Code     0  startup_stm32f105xc.o(.text)
    CAN2_RX1_IRQHandler                      0x08000183   Thumb Code     0  startup_stm32f105xc.o(.text)
    CAN2_SCE_IRQHandler                      0x08000183   Thumb Code     0  startup_stm32f105xc.o(.text)
    CAN2_TX_IRQHandler                       0x08000183   Thumb Code     0  startup_stm32f105xc.o(.text)
    DMA1_Channel1_IRQHandler                 0x08000183   Thumb Code     0  startup_stm32f105xc.o(.text)
    DMA1_Channel2_IRQHandler                 0x08000183   Thumb Code     0  startup_stm32f105xc.o(.text)
    DMA1_Channel3_IRQHandler                 0x08000183   Thumb Code     0  startup_stm32f105xc.o(.text)
    DMA1_Channel4_IRQHandler                 0x08000183   Thumb Code     0  startup_stm32f105xc.o(.text)
    DMA1_Channel5_IRQHandler                 0x08000183   Thumb Code     0  startup_stm32f105xc.o(.text)
    DMA1_Channel6_IRQHandler                 0x08000183   Thumb Code     0  startup_stm32f105xc.o(.text)
    DMA1_Channel7_IRQHandler                 0x08000183   Thumb Code     0  startup_stm32f105xc.o(.text)
    DMA2_Channel1_IRQHandler                 0x08000183   Thumb Code     0  startup_stm32f105xc.o(.text)
    DMA2_Channel2_IRQHandler                 0x08000183   Thumb Code     0  startup_stm32f105xc.o(.text)
    DMA2_Channel3_IRQHandler                 0x08000183   Thumb Code     0  startup_stm32f105xc.o(.text)
    DMA2_Channel4_IRQHandler                 0x08000183   Thumb Code     0  startup_stm32f105xc.o(.text)
    DMA2_Channel5_IRQHandler                 0x08000183   Thumb Code     0  startup_stm32f105xc.o(.text)
    EXTI0_IRQHandler                         0x08000183   Thumb Code     0  startup_stm32f105xc.o(.text)
    EXTI15_10_IRQHandler                     0x08000183   Thumb Code     0  startup_stm32f105xc.o(.text)
    EXTI1_IRQHandler                         0x08000183   Thumb Code     0  startup_stm32f105xc.o(.text)
    EXTI2_IRQHandler                         0x08000183   Thumb Code     0  startup_stm32f105xc.o(.text)
    EXTI3_IRQHandler                         0x08000183   Thumb Code     0  startup_stm32f105xc.o(.text)
    EXTI4_IRQHandler                         0x08000183   Thumb Code     0  startup_stm32f105xc.o(.text)
    EXTI9_5_IRQHandler                       0x08000183   Thumb Code     0  startup_stm32f105xc.o(.text)
    FLASH_IRQHandler                         0x08000183   Thumb Code     0  startup_stm32f105xc.o(.text)
    I2C1_ER_IRQHandler                       0x08000183   Thumb Code     0  startup_stm32f105xc.o(.text)
    I2C1_EV_IRQHandler                       0x08000183   Thumb Code     0  startup_stm32f105xc.o(.text)
    I2C2_ER_IRQHandler                       0x08000183   Thumb Code     0  startup_stm32f105xc.o(.text)
    I2C2_EV_IRQHandler                       0x08000183   Thumb Code     0  startup_stm32f105xc.o(.text)
    OTG_FS_IRQHandler                        0x08000183   Thumb Code     0  startup_stm32f105xc.o(.text)
    OTG_FS_WKUP_IRQHandler                   0x08000183   Thumb Code     0  startup_stm32f105xc.o(.text)
    PVD_IRQHandler                           0x08000183   Thumb Code     0  startup_stm32f105xc.o(.text)
    RCC_IRQHandler                           0x08000183   Thumb Code     0  startup_stm32f105xc.o(.text)
    RTC_Alarm_IRQHandler                     0x08000183   Thumb Code     0  startup_stm32f105xc.o(.text)
    RTC_IRQHandler                           0x08000183   Thumb Code     0  startup_stm32f105xc.o(.text)
    SPI1_IRQHandler                          0x08000183   Thumb Code     0  startup_stm32f105xc.o(.text)
    SPI2_IRQHandler                          0x08000183   Thumb Code     0  startup_stm32f105xc.o(.text)
    SPI3_IRQHandler                          0x08000183   Thumb Code     0  startup_stm32f105xc.o(.text)
    TAMPER_IRQHandler                        0x08000183   Thumb Code     0  startup_stm32f105xc.o(.text)
    TIM1_BRK_IRQHandler                      0x08000183   Thumb Code     0  startup_stm32f105xc.o(.text)
    TIM1_CC_IRQHandler                       0x08000183   Thumb Code     0  startup_stm32f105xc.o(.text)
    TIM1_TRG_COM_IRQHandler                  0x08000183   Thumb Code     0  startup_stm32f105xc.o(.text)
    TIM1_UP_IRQHandler                       0x08000183   Thumb Code     0  startup_stm32f105xc.o(.text)
    TIM2_IRQHandler                          0x08000183   Thumb Code     0  startup_stm32f105xc.o(.text)
    TIM3_IRQHandler                          0x08000183   Thumb Code     0  startup_stm32f105xc.o(.text)
    TIM4_IRQHandler                          0x08000183   Thumb Code     0  startup_stm32f105xc.o(.text)
    TIM5_IRQHandler                          0x08000183   Thumb Code     0  startup_stm32f105xc.o(.text)
    TIM7_IRQHandler                          0x08000183   Thumb Code     0  startup_stm32f105xc.o(.text)
    USART2_IRQHandler                        0x08000183   Thumb Code     0  startup_stm32f105xc.o(.text)
    WWDG_IRQHandler                          0x08000183   Thumb Code     0  startup_stm32f105xc.o(.text)
    __aeabi_uldivmod                         0x0800018d   Thumb Code    98  uldiv.o(.text)
    __aeabi_llsr                             0x080001ef   Thumb Code    32  llushr.o(.text)
    _ll_ushift_r                             0x080001ef   Thumb Code     0  llushr.o(.text)
    __aeabi_memcpy                           0x0800020f   Thumb Code    36  memcpya.o(.text)
    __aeabi_memcpy4                          0x0800020f   Thumb Code     0  memcpya.o(.text)
    __aeabi_memcpy8                          0x0800020f   Thumb Code     0  memcpya.o(.text)
    __aeabi_memset                           0x08000233   Thumb Code    14  memseta.o(.text)
    __aeabi_memset4                          0x08000233   Thumb Code     0  memseta.o(.text)
    __aeabi_memset8                          0x08000233   Thumb Code     0  memseta.o(.text)
    __aeabi_memclr                           0x08000241   Thumb Code     4  memseta.o(.text)
    __aeabi_memclr4                          0x08000241   Thumb Code     0  memseta.o(.text)
    __aeabi_memclr8                          0x08000241   Thumb Code     0  memseta.o(.text)
    _memset$wrapper                          0x08000245   Thumb Code    18  memseta.o(.text)
    __aeabi_fadd                             0x08000257   Thumb Code   164  fadd.o(.text)
    __aeabi_fsub                             0x080002fb   Thumb Code     6  fadd.o(.text)
    __aeabi_frsub                            0x08000301   Thumb Code     6  fadd.o(.text)
    __aeabi_fmul                             0x08000307   Thumb Code   100  fmul.o(.text)
    __aeabi_fdiv                             0x0800036b   Thumb Code   124  fdiv.o(.text)
    __ARM_scalbnf                            0x080003e7   Thumb Code    24  fscalb.o(.text)
    scalbnf                                  0x080003e7   Thumb Code     0  fscalb.o(.text)
    __aeabi_dmul                             0x080003ff   Thumb Code   228  dmul.o(.text)
    __aeabi_ddiv                             0x080004e3   Thumb Code   222  ddiv.o(.text)
    __aeabi_i2d                              0x080005c1   Thumb Code    34  dflti.o(.text)
    __aeabi_f2iz                             0x080005e3   Thumb Code    50  ffixi.o(.text)
    __aeabi_d2f                              0x08000615   Thumb Code    56  d2f.o(.text)
    __aeabi_llsl                             0x0800064d   Thumb Code    30  llshl.o(.text)
    _ll_shift_l                              0x0800064d   Thumb Code     0  llshl.o(.text)
    __I$use$fp                               0x0800066b   Thumb Code     0  iusefp.o(.text)
    _float_round                             0x0800066b   Thumb Code    18  fepilogue.o(.text)
    _float_epilogue                          0x0800067d   Thumb Code    92  fepilogue.o(.text)
    _double_round                            0x080006d9   Thumb Code    30  depilogue.o(.text)
    _double_epilogue                         0x080006f7   Thumb Code   156  depilogue.o(.text)
    __scatterload                            0x08000795   Thumb Code    28  init.o(.text)
    __scatterload_rt2                        0x08000795   Thumb Code     0  init.o(.text)
    ADC_ConversionStop_Disable               0x080007b9   Thumb Code    86  stm32f1xx_hal_adc.o(i.ADC_ConversionStop_Disable)
    ADC_Enable                               0x08000811   Thumb Code   114  stm32f1xx_hal_adc.o(i.ADC_Enable)
    BusFault_Handler                         0x0800088d   Thumb Code     2  stm32f1xx_it.o(i.BusFault_Handler)
    CAN1_RX0_IRQHandler                      0x08000891   Thumb Code     6  stm32f1xx_it.o(i.CAN1_RX0_IRQHandler)
    CAN1_TX_IRQHandler                       0x0800089d   Thumb Code     6  stm32f1xx_it.o(i.CAN1_TX_IRQHandler)
    CalcRPM                                  0x080008a9   Thumb Code    84  usart.o(i.CalcRPM)
    CalcRPM_ADC                              0x08000901   Thumb Code    90  adc.o(i.CalcRPM_ADC)
    Can_Initial                              0x08000965   Thumb Code    80  can.o(i.Can_Initial)
    CommBufClear                             0x080009c1   Thumb Code    74  usart.o(i.CommBufClear)
    CommGetChar                              0x08000a25   Thumb Code     4  usart.o(i.CommGetChar)
    DataGetFlowProcess                       0x08000a29   Thumb Code   722  usart.o(i.DataGetFlowProcess)
    DataSendToMotor                          0x08000d75   Thumb Code   180  usart.o(i.DataSendToMotor)
    DebugMon_Handler                         0x08000e35   Thumb Code     2  stm32f1xx_it.o(i.DebugMon_Handler)
    Error_Handler                            0x08000e37   Thumb Code     4  main.o(i.Error_Handler)
    GetADCFlowProcess                        0x08000e3d   Thumb Code   250  adc.o(i.GetADCFlowProcess)
    GetCheckSum                              0x08000f65   Thumb Code    30  usart.o(i.GetCheckSum)
    HAL_ADC_ConfigChannel                    0x08000f85   Thumb Code   240  stm32f1xx_hal_adc.o(i.HAL_ADC_ConfigChannel)
    HAL_ADC_GetValue                         0x08001081   Thumb Code     6  stm32f1xx_hal_adc.o(i.HAL_ADC_GetValue)
    HAL_ADC_Init                             0x08001089   Thumb Code   272  stm32f1xx_hal_adc.o(i.HAL_ADC_Init)
    HAL_ADC_MspInit                          0x080011a5   Thumb Code    76  adc.o(i.HAL_ADC_MspInit)
    HAL_ADC_PollForConversion                0x080011fd   Thumb Code   304  stm32f1xx_hal_adc.o(i.HAL_ADC_PollForConversion)
    HAL_ADC_Start                            0x08001339   Thumb Code   184  stm32f1xx_hal_adc.o(i.HAL_ADC_Start)
    HAL_ADC_Stop                             0x080013f9   Thumb Code    52  stm32f1xx_hal_adc.o(i.HAL_ADC_Stop)
    HAL_CAN_ActivateNotification             0x0800142d   Thumb Code    36  stm32f1xx_hal_can.o(i.HAL_CAN_ActivateNotification)
    HAL_CAN_AddTxMessage                     0x08001451   Thumb Code   220  stm32f1xx_hal_can.o(i.HAL_CAN_AddTxMessage)
    HAL_CAN_ConfigFilter                     0x0800152d   Thumb Code   262  stm32f1xx_hal_can.o(i.HAL_CAN_ConfigFilter)
    HAL_CAN_ErrorCallback                    0x08001639   Thumb Code     2  stm32f1xx_hal_can.o(i.HAL_CAN_ErrorCallback)
    HAL_CAN_GetRxMessage                     0x0800163b   Thumb Code   232  stm32f1xx_hal_can.o(i.HAL_CAN_GetRxMessage)
    HAL_CAN_IRQHandler                       0x08001723   Thumb Code   508  stm32f1xx_hal_can.o(i.HAL_CAN_IRQHandler)
    HAL_CAN_Init                             0x0800191f   Thumb Code   282  stm32f1xx_hal_can.o(i.HAL_CAN_Init)
    HAL_CAN_MspInit                          0x08001a39   Thumb Code   128  can.o(i.HAL_CAN_MspInit)
    HAL_CAN_RxFifo0FullCallback              0x08001ac5   Thumb Code     2  stm32f1xx_hal_can.o(i.HAL_CAN_RxFifo0FullCallback)
    HAL_CAN_RxFifo0MsgPendingCallback        0x08001ac9   Thumb Code   106  can.o(i.HAL_CAN_RxFifo0MsgPendingCallback)
    HAL_CAN_RxFifo1FullCallback              0x08001b3d   Thumb Code     2  stm32f1xx_hal_can.o(i.HAL_CAN_RxFifo1FullCallback)
    HAL_CAN_RxFifo1MsgPendingCallback        0x08001b3f   Thumb Code     2  stm32f1xx_hal_can.o(i.HAL_CAN_RxFifo1MsgPendingCallback)
    HAL_CAN_SleepCallback                    0x08001b41   Thumb Code     2  stm32f1xx_hal_can.o(i.HAL_CAN_SleepCallback)
    HAL_CAN_Start                            0x08001b45   Thumb Code    88  stm32f1xx_hal_can.o(i.HAL_CAN_Start)
    HAL_CAN_TxMailbox0AbortCallback          0x08001b9d   Thumb Code     2  stm32f1xx_hal_can.o(i.HAL_CAN_TxMailbox0AbortCallback)
    HAL_CAN_TxMailbox0CompleteCallback       0x08001b9f   Thumb Code     2  stm32f1xx_hal_can.o(i.HAL_CAN_TxMailbox0CompleteCallback)
    HAL_CAN_TxMailbox1AbortCallback          0x08001ba1   Thumb Code     2  stm32f1xx_hal_can.o(i.HAL_CAN_TxMailbox1AbortCallback)
    HAL_CAN_TxMailbox1CompleteCallback       0x08001ba3   Thumb Code     2  stm32f1xx_hal_can.o(i.HAL_CAN_TxMailbox1CompleteCallback)
    HAL_CAN_TxMailbox2AbortCallback          0x08001ba5   Thumb Code     2  stm32f1xx_hal_can.o(i.HAL_CAN_TxMailbox2AbortCallback)
    HAL_CAN_TxMailbox2CompleteCallback       0x08001ba7   Thumb Code     2  stm32f1xx_hal_can.o(i.HAL_CAN_TxMailbox2CompleteCallback)
    HAL_CAN_WakeUpFromRxMsgCallback          0x08001ba9   Thumb Code     2  stm32f1xx_hal_can.o(i.HAL_CAN_WakeUpFromRxMsgCallback)
    HAL_DAC_ConfigChannel                    0x08001bab   Thumb Code    70  stm32f1xx_hal_dac.o(i.HAL_DAC_ConfigChannel)
    HAL_DAC_Init                             0x08001bf1   Thumb Code    40  stm32f1xx_hal_dac.o(i.HAL_DAC_Init)
    HAL_DAC_MspInit                          0x08001c19   Thumb Code    76  dac.o(i.HAL_DAC_MspInit)
    HAL_DMA_Abort                            0x08001c71   Thumb Code    70  stm32f1xx_hal_dma.o(i.HAL_DMA_Abort)
    HAL_DMA_Abort_IT                         0x08001cb9   Thumb Code   296  stm32f1xx_hal_dma.o(i.HAL_DMA_Abort_IT)
    HAL_Delay                                0x08001de9   Thumb Code    32  stm32f1xx_hal.o(i.HAL_Delay)
    HAL_GPIO_Init                            0x08001e0d   Thumb Code   446  stm32f1xx_hal_gpio.o(i.HAL_GPIO_Init)
    HAL_GPIO_ReadPin                         0x08001fed   Thumb Code    10  stm32f1xx_hal_gpio.o(i.HAL_GPIO_ReadPin)
    HAL_GPIO_TogglePin                       0x08001ff7   Thumb Code    16  stm32f1xx_hal_gpio.o(i.HAL_GPIO_TogglePin)
    HAL_GPIO_WritePin                        0x08002007   Thumb Code    10  stm32f1xx_hal_gpio.o(i.HAL_GPIO_WritePin)
    HAL_GetTick                              0x08002011   Thumb Code     6  stm32f1xx_hal.o(i.HAL_GetTick)
    HAL_IncTick                              0x0800201d   Thumb Code    12  stm32f1xx_hal.o(i.HAL_IncTick)
    HAL_Init                                 0x0800202d   Thumb Code    32  stm32f1xx_hal.o(i.HAL_Init)
    HAL_InitTick                             0x08002051   Thumb Code    54  stm32f1xx_hal.o(i.HAL_InitTick)
    HAL_MspInit                              0x08002091   Thumb Code    38  stm32f1xx_hal_msp.o(i.HAL_MspInit)
    HAL_NVIC_DisableIRQ                      0x080020bd   Thumb Code    34  stm32f1xx_hal_cortex.o(i.HAL_NVIC_DisableIRQ)
    HAL_NVIC_EnableIRQ                       0x080020df   Thumb Code    26  stm32f1xx_hal_cortex.o(i.HAL_NVIC_EnableIRQ)
    HAL_NVIC_SetPriority                     0x080020f9   Thumb Code    60  stm32f1xx_hal_cortex.o(i.HAL_NVIC_SetPriority)
    HAL_NVIC_SetPriorityGrouping             0x08002139   Thumb Code    26  stm32f1xx_hal_cortex.o(i.HAL_NVIC_SetPriorityGrouping)
    HAL_RCCEx_GetPeriphCLKFreq               0x0800215d   Thumb Code   270  stm32f1xx_hal_rcc_ex.o(i.HAL_RCCEx_GetPeriphCLKFreq)
    HAL_RCCEx_PeriphCLKConfig                0x08002299   Thumb Code   374  stm32f1xx_hal_rcc_ex.o(i.HAL_RCCEx_PeriphCLKConfig)
    HAL_RCC_ClockConfig                      0x08002421   Thumb Code   280  stm32f1xx_hal_rcc.o(i.HAL_RCC_ClockConfig)
    HAL_RCC_GetPCLK1Freq                     0x0800254d   Thumb Code    20  stm32f1xx_hal_rcc.o(i.HAL_RCC_GetPCLK1Freq)
    HAL_RCC_GetPCLK2Freq                     0x0800256d   Thumb Code    20  stm32f1xx_hal_rcc.o(i.HAL_RCC_GetPCLK2Freq)
    HAL_RCC_GetSysClockFreq                  0x0800258d   Thumb Code   142  stm32f1xx_hal_rcc.o(i.HAL_RCC_GetSysClockFreq)
    HAL_RCC_OscConfig                        0x08002649   Thumb Code   974  stm32f1xx_hal_rcc.o(i.HAL_RCC_OscConfig)
    HAL_SYSTICK_Config                       0x08002a2d   Thumb Code    40  stm32f1xx_hal_cortex.o(i.HAL_SYSTICK_Config)
    HAL_TIMEx_BreakCallback                  0x08002a55   Thumb Code     2  stm32f1xx_hal_tim_ex.o(i.HAL_TIMEx_BreakCallback)
    HAL_TIMEx_CommutCallback                 0x08002a57   Thumb Code     2  stm32f1xx_hal_tim_ex.o(i.HAL_TIMEx_CommutCallback)
    HAL_TIMEx_MasterConfigSynchronization    0x08002a59   Thumb Code    98  stm32f1xx_hal_tim_ex.o(i.HAL_TIMEx_MasterConfigSynchronization)
    HAL_TIM_Base_Init                        0x08002acd   Thumb Code    90  stm32f1xx_hal_tim.o(i.HAL_TIM_Base_Init)
    HAL_TIM_Base_MspInit                     0x08002b29   Thumb Code    50  tim.o(i.HAL_TIM_Base_MspInit)
    HAL_TIM_Base_Start_IT                    0x08002b65   Thumb Code    82  stm32f1xx_hal_tim.o(i.HAL_TIM_Base_Start_IT)
    HAL_TIM_IC_CaptureCallback               0x08002bc9   Thumb Code     2  stm32f1xx_hal_tim.o(i.HAL_TIM_IC_CaptureCallback)
    HAL_TIM_IRQHandler                       0x08002bcb   Thumb Code   358  stm32f1xx_hal_tim.o(i.HAL_TIM_IRQHandler)
    HAL_TIM_OC_DelayElapsedCallback          0x08002d31   Thumb Code     2  stm32f1xx_hal_tim.o(i.HAL_TIM_OC_DelayElapsedCallback)
    HAL_TIM_PWM_PulseFinishedCallback        0x08002d33   Thumb Code     2  stm32f1xx_hal_tim.o(i.HAL_TIM_PWM_PulseFinishedCallback)
    HAL_TIM_PeriodElapsedCallback            0x08002d35   Thumb Code   168  tim.o(i.HAL_TIM_PeriodElapsedCallback)
    HAL_TIM_TriggerCallback                  0x08002ded   Thumb Code     2  stm32f1xx_hal_tim.o(i.HAL_TIM_TriggerCallback)
    HAL_UARTEx_RxEventCallback               0x08002def   Thumb Code     2  stm32f1xx_hal_uart.o(i.HAL_UARTEx_RxEventCallback)
    HAL_UART_ErrorCallback                   0x08002df1   Thumb Code     2  stm32f1xx_hal_uart.o(i.HAL_UART_ErrorCallback)
    HAL_UART_IRQHandler                      0x08002df5   Thumb Code   520  stm32f1xx_hal_uart.o(i.HAL_UART_IRQHandler)
    HAL_UART_Init                            0x08003001   Thumb Code    98  stm32f1xx_hal_uart.o(i.HAL_UART_Init)
    HAL_UART_MspInit                         0x08003065   Thumb Code   384  usart.o(i.HAL_UART_MspInit)
    HAL_UART_Receive_IT                      0x08003209   Thumb Code    42  stm32f1xx_hal_uart.o(i.HAL_UART_Receive_IT)
    HAL_UART_RxCpltCallback                  0x08003235   Thumb Code   282  usart.o(i.HAL_UART_RxCpltCallback)
    HAL_UART_Transmit                        0x08003371   Thumb Code   178  stm32f1xx_hal_uart.o(i.HAL_UART_Transmit)
    HAL_UART_TxCpltCallback                  0x08003423   Thumb Code     2  stm32f1xx_hal_uart.o(i.HAL_UART_TxCpltCallback)
    HardFault_Handler                        0x08003425   Thumb Code     2  stm32f1xx_it.o(i.HardFault_Handler)
    Int2Byte                                 0x08003427   Thumb Code    18  usart.o(i.Int2Byte)
    MX_ADC1_Init                             0x08003439   Thumb Code   150  adc.o(i.MX_ADC1_Init)
    MX_CAN1_Init                             0x080034dd   Thumb Code    60  can.o(i.MX_CAN1_Init)
    MX_DAC_Init                              0x08003521   Thumb Code    66  dac.o(i.MX_DAC_Init)
    MX_GPIO_Init                             0x0800356d   Thumb Code   222  gpio.o(i.MX_GPIO_Init)
    MX_TIM6_Init                             0x08003659   Thumb Code    60  tim.o(i.MX_TIM6_Init)
    MX_UART4_Init                            0x0800369d   Thumb Code    56  usart.o(i.MX_UART4_Init)
    MX_UART5_Init                            0x080036dd   Thumb Code    48  usart.o(i.MX_UART5_Init)
    MX_USART1_UART_Init                      0x08003715   Thumb Code    52  usart.o(i.MX_USART1_UART_Init)
    MX_USART3_UART_Init                      0x08003751   Thumb Code    52  usart.o(i.MX_USART3_UART_Init)
    MemManage_Handler                        0x0800378d   Thumb Code     2  stm32f1xx_it.o(i.MemManage_Handler)
    MotorMaxRPM                              0x08003791   Thumb Code    38  usart.o(i.MotorMaxRPM)
    MotorMaxRPM_adc                          0x080037c5   Thumb Code    38  adc.o(i.MotorMaxRPM_adc)
    NMI_Handler                              0x080037f9   Thumb Code     2  stm32f1xx_it.o(i.NMI_Handler)
    PendSV_Handler                           0x080037fb   Thumb Code     2  stm32f1xx_it.o(i.PendSV_Handler)
    SVC_Handler                              0x080037fd   Thumb Code     2  stm32f1xx_it.o(i.SVC_Handler)
    SerialToCanSendProcess                   0x08003801   Thumb Code    64  can.o(i.SerialToCanSendProcess)
    SysTick_Handler                          0x08003849   Thumb Code     4  stm32f1xx_it.o(i.SysTick_Handler)
    SystemClock_Config                       0x0800384d   Thumb Code   124  main.o(i.SystemClock_Config)
    SystemInit                               0x080038cd   Thumb Code     2  system_stm32f1xx.o(i.SystemInit)
    TIM6_IRQHandler                          0x080038d1   Thumb Code     6  stm32f1xx_it.o(i.TIM6_IRQHandler)
    TIM_Base_SetConfig                       0x080038dd   Thumb Code   106  stm32f1xx_hal_tim.o(i.TIM_Base_SetConfig)
    UART4_IRQHandler                         0x08003959   Thumb Code     6  stm32f1xx_it.o(i.UART4_IRQHandler)
    UART5_IRQHandler                         0x08003965   Thumb Code     6  stm32f1xx_it.o(i.UART5_IRQHandler)
    UART_Start_Receive_IT                    0x08003b21   Thumb Code    54  stm32f1xx_hal_uart.o(i.UART_Start_Receive_IT)
    USART1_IRQHandler                        0x08003bbd   Thumb Code     6  stm32f1xx_it.o(i.USART1_IRQHandler)
    USART3_IRQHandler                        0x08003bc9   Thumb Code     6  stm32f1xx_it.o(i.USART3_IRQHandler)
    Uart_EmptyRxQ                            0x08003bd5   Thumb Code    28  usart.o(i.Uart_EmptyRxQ)
    Uart_RxQRead                             0x08003bf5   Thumb Code    54  usart.o(i.Uart_RxQRead)
    UsageFault_Handler                       0x08003c31   Thumb Code     2  stm32f1xx_it.o(i.UsageFault_Handler)
    Usart_Init                               0x08003c35   Thumb Code   130  usart.o(i.Usart_Init)
    __0printf$8                              0x08003cc9   Thumb Code    22  printf8.o(i.__0printf$8)
    __1printf$8                              0x08003cc9   Thumb Code     0  printf8.o(i.__0printf$8)
    __2printf                                0x08003cc9   Thumb Code     0  printf8.o(i.__0printf$8)
    __scatterload_copy                       0x08003d09   Thumb Code    14  handlers.o(i.__scatterload_copy)
    __scatterload_null                       0x08003d17   Thumb Code     2  handlers.o(i.__scatterload_null)
    __scatterload_zeroinit                   0x08003d19   Thumb Code    14  handlers.o(i.__scatterload_zeroinit)
    fputc                                    0x08004181   Thumb Code    20  main.o(i.fputc)
    free                                     0x08004199   Thumb Code    76  malloc.o(i.free)
    ibus_checksum                            0x080041e9   Thumb Code    34  usart.o(i.ibus_checksum)
    ibus_is_valid                            0x08004211   Thumb Code    22  usart.o(i.ibus_is_valid)
    ibus_read                                0x0800422d   Thumb Code    30  usart.o(i.ibus_read)
    ibus_update                              0x0800424d   Thumb Code    28  usart.o(i.ibus_update)
    main                                     0x08004271   Thumb Code   218  main.o(i.main)
    malloc                                   0x08004371   Thumb Code    92  malloc.o(i.malloc)
    AHBPrescTable                            0x080043dc   Data          16  system_stm32f1xx.o(.constdata)
    APBPrescTable                            0x080043ec   Data           8  system_stm32f1xx.o(.constdata)
    Region$$Table$$Base                      0x080043f4   Number         0  anon$$obj.o(Region$$Table)
    Region$$Table$$Limit                     0x08004414   Number         0  anon$$obj.o(Region$$Table)
    serialtype                               0x20000000   Data           1  main.o(.data)
    remotetype                               0x20000001   Data           1  main.o(.data)
    localmode                                0x20000002   Data           1  main.o(.data)
    autoremotemode                           0x20000003   Data           1  main.o(.data)
    bLocalMode_ADC                           0x20000004   Data           1  adc.o(.data)
    bAutoMode_ADC                            0x20000005   Data           1  adc.o(.data)
    fV_adc                                   0x20000008   Data           4  adc.o(.data)
    fw_adc                                   0x2000000c   Data           4  adc.o(.data)
    _fGearRate_adc                           0x20000010   Data           4  adc.o(.data)
    _fVEL_adc                                0x20000014   Data           4  adc.o(.data)
    _fWidth_adc_black                        0x20000018   Data           4  adc.o(.data)
    _fWidth_adc_gold                         0x2000001c   Data           4  adc.o(.data)
    _fWheel_adc                              0x20000020   Data           4  adc.o(.data)
    TxMailbox                                0x20000024   Data           4  can.o(.data)
    TxData                                   0x20000028   Data           8  can.o(.data)
    RxData                                   0x20000030   Data           8  can.o(.data)
    Can_RxQ                                  0x20000038   Data           8  can.o(.data)
    msec                                     0x20000040   Data           4  tim.o(.data)
    sec                                      0x20000044   Data           4  tim.o(.data)
    min                                      0x20000048   Data           4  tim.o(.data)
    hour                                     0x2000004c   Data           4  tim.o(.data)
    discontim                                0x20000050   Data           4  tim.o(.data)
    bAutoMode_Usart                          0x20000054   Data           1  usart.o(.data)
    bLocalMode_Usart                         0x20000055   Data           1  usart.o(.data)
    bSerialType_Usart                        0x20000056   Data           1  usart.o(.data)
    failsafe_status                          0x20000057   Data           1  usart.o(.data)
    buff                                     0x20000058   Data           1  usart.o(.data)
    cPid                                     0x20000059   Data           1  usart.o(.data)
    r_cPid                                   0x2000005a   Data           1  usart.o(.data)
    nSendFail                                0x2000005c   Data           4  usart.o(.data)
    _fGearRate                               0x20000060   Data           4  usart.o(.data)
    _fVEL                                    0x20000064   Data           4  usart.o(.data)
    _fWidth_black                            0x20000068   Data           4  usart.o(.data)
    _fWidth_gold                             0x2000006c   Data           4  usart.o(.data)
    _fWheel                                  0x20000070   Data           4  usart.o(.data)
    nRPM_R                                   0x20000074   Data           4  usart.o(.data)
    fV                                       0x20000078   Data           4  usart.o(.data)
    fw                                       0x2000007c   Data           4  usart.o(.data)
    _rpm                                     0x20000080   Data           8  usart.o(.data)
    sbus_data                                0x20000088   Data          25  usart.o(.data)
    channels                                 0x200000a2   Data          36  usart.o(.data)
    ibus_Ch                                  0x200000c6   Data          32  usart.o(.data)
    uwTickFreq                               0x200000e8   Data           1  stm32f1xx_hal.o(.data)
    uwTickPrio                               0x200000ec   Data           4  stm32f1xx_hal.o(.data)
    uwTick                                   0x200000f0   Data           4  stm32f1xx_hal.o(.data)
    SystemCoreClock                          0x200000f4   Data           4  system_stm32f1xx.o(.data)
    __stdout                                 0x200000f8   Data           4  stdout.o(.data)
    __microlib_freelist                      0x200000fc   Data           4  mvars.o(.data)
    __microlib_freelist_initialised          0x20000100   Data           4  mvars.o(.data)
    adc                                      0x20000104   Data          16  adc.o(.bss)
    hadc1                                    0x20000114   Data          48  adc.o(.bss)
    sFilterConfig                            0x20000144   Data          40  can.o(.bss)
    RxHeader                                 0x2000016c   Data          28  can.o(.bss)
    TxHeader                                 0x20000188   Data          24  can.o(.bss)
    Can_RxD                                  0x200001a0   Data        1620  can.o(.bss)
    hcan1                                    0x200007f4   Data          40  can.o(.bss)
    hdac                                     0x2000081c   Data          20  dac.o(.bss)
    utim                                     0x20000830   Data          20  tim.o(.bss)
    adctim                                   0x20000844   Data          16  tim.o(.bss)
    htim6                                    0x20000854   Data          72  tim.o(.bss)
    ibus_Data                                0x2000089c   Data          32  usart.o(.bss)
    UART_RxQ                                 0x200008bc   Data       10280  usart.o(.bss)
    GS_Rev1Buf                               0x200030e4   Data        2068  usart.o(.bss)
    GS_Rev2Buf                               0x200038f8   Data        2068  usart.o(.bss)
    GS_Rev3Buf                               0x2000410c   Data        2068  usart.o(.bss)
    GS_Rev4Buf                               0x20004920   Data        2068  usart.o(.bss)
    GS_Rev5Buf                               0x20005134   Data        2068  usart.o(.bss)
    huart4                                   0x20005948   Data          68  usart.o(.bss)
    huart5                                   0x2000598c   Data          68  usart.o(.bss)
    huart1                                   0x200059d0   Data          68  usart.o(.bss)
    huart3                                   0x20005a14   Data          68  usart.o(.bss)
    __heap_base                              0x20005a58   Data           0  startup_stm32f105xc.o(HEAP)
    __heap_limit                             0x20005c58   Data           0  startup_stm32f105xc.o(HEAP)
    __initial_sp                             0x20006058   Data           0  startup_stm32f105xc.o(STACK)



==============================================================================

Memory Map of the image

  Image Entry point : 0x08000151

  Load Region LR_IROM1 (Base: 0x08000000, Size: 0x00004518, Max: 0x00020000, ABSOLUTE)

    Execution Region ER_IROM1 (Exec base: 0x08000000, Load base: 0x08000000, Size: 0x00004414, Max: 0x00020000, ABSOLUTE)

    Exec Addr    Load Addr    Size         Type   Attr      Idx    E Section Name        Object

    0x08000000   0x08000000   0x00000150   Data   RO            3    RESET               startup_stm32f105xc.o
    0x08000150   0x08000150   0x00000000   Code   RO         4063  * .ARM.Collect$$$$00000000  mc_w.l(entry.o)
    0x08000150   0x08000150   0x00000004   Code   RO         4387    .ARM.Collect$$$$00000001  mc_w.l(entry2.o)
    0x08000154   0x08000154   0x00000004   Code   RO         4390    .ARM.Collect$$$$00000004  mc_w.l(entry5.o)
    0x08000158   0x08000158   0x00000000   Code   RO         4392    .ARM.Collect$$$$00000008  mc_w.l(entry7b.o)
    0x08000158   0x08000158   0x00000000   Code   RO         4394    .ARM.Collect$$$$0000000A  mc_w.l(entry8b.o)
    0x08000158   0x08000158   0x00000008   Code   RO         4395    .ARM.Collect$$$$0000000B  mc_w.l(entry9a.o)
    0x08000160   0x08000160   0x00000004   Code   RO         4402    .ARM.Collect$$$$0000000E  mc_w.l(entry12b.o)
    0x08000164   0x08000164   0x00000000   Code   RO         4397    .ARM.Collect$$$$0000000F  mc_w.l(entry10a.o)
    0x08000164   0x08000164   0x00000000   Code   RO         4399    .ARM.Collect$$$$00000011  mc_w.l(entry11a.o)
    0x08000164   0x08000164   0x00000004   Code   RO         4388    .ARM.Collect$$$$00002712  mc_w.l(entry2.o)
    0x08000168   0x08000168   0x00000024   Code   RO            4    .text               startup_stm32f105xc.o
    0x0800018c   0x0800018c   0x00000062   Code   RO         4066    .text               mc_w.l(uldiv.o)
    0x080001ee   0x080001ee   0x00000020   Code   RO         4068    .text               mc_w.l(llushr.o)
    0x0800020e   0x0800020e   0x00000024   Code   RO         4070    .text               mc_w.l(memcpya.o)
    0x08000232   0x08000232   0x00000024   Code   RO         4072    .text               mc_w.l(memseta.o)
    0x08000256   0x08000256   0x000000b0   Code   RO         4365    .text               mf_w.l(fadd.o)
    0x08000306   0x08000306   0x00000064   Code   RO         4367    .text               mf_w.l(fmul.o)
    0x0800036a   0x0800036a   0x0000007c   Code   RO         4369    .text               mf_w.l(fdiv.o)
    0x080003e6   0x080003e6   0x00000018   Code   RO         4371    .text               mf_w.l(fscalb.o)
    0x080003fe   0x080003fe   0x000000e4   Code   RO         4373    .text               mf_w.l(dmul.o)
    0x080004e2   0x080004e2   0x000000de   Code   RO         4375    .text               mf_w.l(ddiv.o)
    0x080005c0   0x080005c0   0x00000022   Code   RO         4379    .text               mf_w.l(dflti.o)
    0x080005e2   0x080005e2   0x00000032   Code   RO         4381    .text               mf_w.l(ffixi.o)
    0x08000614   0x08000614   0x00000038   Code   RO         4385    .text               mf_w.l(d2f.o)
    0x0800064c   0x0800064c   0x0000001e   Code   RO         4406    .text               mc_w.l(llshl.o)
    0x0800066a   0x0800066a   0x00000000   Code   RO         4410    .text               mc_w.l(iusefp.o)
    0x0800066a   0x0800066a   0x0000006e   Code   RO         4411    .text               mf_w.l(fepilogue.o)
    0x080006d8   0x080006d8   0x000000ba   Code   RO         4413    .text               mf_w.l(depilogue.o)
    0x08000792   0x08000792   0x00000002   PAD
    0x08000794   0x08000794   0x00000024   Code   RO         4425    .text               mc_w.l(init.o)
    0x080007b8   0x080007b8   0x00000056   Code   RO          947    i.ADC_ConversionStop_Disable  stm32f1xx_hal_adc.o
    0x0800080e   0x0800080e   0x00000002   PAD
    0x08000810   0x08000810   0x0000007c   Code   RO          951    i.ADC_Enable        stm32f1xx_hal_adc.o
    0x0800088c   0x0800088c   0x00000002   Code   RO          769    i.BusFault_Handler  stm32f1xx_it.o
    0x0800088e   0x0800088e   0x00000002   PAD
    0x08000890   0x08000890   0x0000000c   Code   RO          770    i.CAN1_RX0_IRQHandler  stm32f1xx_it.o
    0x0800089c   0x0800089c   0x0000000c   Code   RO          771    i.CAN1_TX_IRQHandler  stm32f1xx_it.o
    0x080008a8   0x080008a8   0x00000058   Code   RO          582    i.CalcRPM           usart.o
    0x08000900   0x08000900   0x00000064   Code   RO          321    i.CalcRPM_ADC       adc.o
    0x08000964   0x08000964   0x0000005c   Code   RO          399    i.Can_Initial       can.o
    0x080009c0   0x080009c0   0x00000064   Code   RO          583    i.CommBufClear      usart.o
    0x08000a24   0x08000a24   0x00000004   Code   RO          584    i.CommGetChar       usart.o
    0x08000a28   0x08000a28   0x0000034c   Code   RO          586    i.DataGetFlowProcess  usart.o
    0x08000d74   0x08000d74   0x000000c0   Code   RO          587    i.DataSendToMotor   usart.o
    0x08000e34   0x08000e34   0x00000002   Code   RO          772    i.DebugMon_Handler  stm32f1xx_it.o
    0x08000e36   0x08000e36   0x00000004   Code   RO           13    i.Error_Handler     main.o
    0x08000e3a   0x08000e3a   0x00000002   PAD
    0x08000e3c   0x08000e3c   0x00000128   Code   RO          322    i.GetADCFlowProcess  adc.o
    0x08000f64   0x08000f64   0x0000001e   Code   RO          588    i.GetCheckSum       usart.o
    0x08000f82   0x08000f82   0x00000002   PAD
    0x08000f84   0x08000f84   0x000000fc   Code   RO          953    i.HAL_ADC_ConfigChannel  stm32f1xx_hal_adc.o
    0x08001080   0x08001080   0x00000006   Code   RO          960    i.HAL_ADC_GetValue  stm32f1xx_hal_adc.o
    0x08001086   0x08001086   0x00000002   PAD
    0x08001088   0x08001088   0x0000011c   Code   RO          962    i.HAL_ADC_Init      stm32f1xx_hal_adc.o
    0x080011a4   0x080011a4   0x00000058   Code   RO          324    i.HAL_ADC_MspInit   adc.o
    0x080011fc   0x080011fc   0x0000013c   Code   RO          966    i.HAL_ADC_PollForConversion  stm32f1xx_hal_adc.o
    0x08001338   0x08001338   0x000000c0   Code   RO          968    i.HAL_ADC_Start     stm32f1xx_hal_adc.o
    0x080013f8   0x080013f8   0x00000034   Code   RO          971    i.HAL_ADC_Stop      stm32f1xx_hal_adc.o
    0x0800142c   0x0800142c   0x00000024   Code   RO         2223    i.HAL_CAN_ActivateNotification  stm32f1xx_hal_can.o
    0x08001450   0x08001450   0x000000dc   Code   RO         2224    i.HAL_CAN_AddTxMessage  stm32f1xx_hal_can.o
    0x0800152c   0x0800152c   0x0000010c   Code   RO         2225    i.HAL_CAN_ConfigFilter  stm32f1xx_hal_can.o
    0x08001638   0x08001638   0x00000002   Code   RO         2228    i.HAL_CAN_ErrorCallback  stm32f1xx_hal_can.o
    0x0800163a   0x0800163a   0x000000e8   Code   RO         2231    i.HAL_CAN_GetRxMessage  stm32f1xx_hal_can.o
    0x08001722   0x08001722   0x000001fc   Code   RO         2235    i.HAL_CAN_IRQHandler  stm32f1xx_hal_can.o
    0x0800191e   0x0800191e   0x0000011a   Code   RO         2236    i.HAL_CAN_Init      stm32f1xx_hal_can.o
    0x08001a38   0x08001a38   0x0000008c   Code   RO          403    i.HAL_CAN_MspInit   can.o
    0x08001ac4   0x08001ac4   0x00000002   Code   RO         2243    i.HAL_CAN_RxFifo0FullCallback  stm32f1xx_hal_can.o
    0x08001ac6   0x08001ac6   0x00000002   PAD
    0x08001ac8   0x08001ac8   0x00000074   Code   RO          404    i.HAL_CAN_RxFifo0MsgPendingCallback  can.o
    0x08001b3c   0x08001b3c   0x00000002   Code   RO         2245    i.HAL_CAN_RxFifo1FullCallback  stm32f1xx_hal_can.o
    0x08001b3e   0x08001b3e   0x00000002   Code   RO         2246    i.HAL_CAN_RxFifo1MsgPendingCallback  stm32f1xx_hal_can.o
    0x08001b40   0x08001b40   0x00000002   Code   RO         2247    i.HAL_CAN_SleepCallback  stm32f1xx_hal_can.o
    0x08001b42   0x08001b42   0x00000002   PAD
    0x08001b44   0x08001b44   0x00000058   Code   RO         2248    i.HAL_CAN_Start     stm32f1xx_hal_can.o
    0x08001b9c   0x08001b9c   0x00000002   Code   RO         2250    i.HAL_CAN_TxMailbox0AbortCallback  stm32f1xx_hal_can.o
    0x08001b9e   0x08001b9e   0x00000002   Code   RO         2251    i.HAL_CAN_TxMailbox0CompleteCallback  stm32f1xx_hal_can.o
    0x08001ba0   0x08001ba0   0x00000002   Code   RO         2252    i.HAL_CAN_TxMailbox1AbortCallback  stm32f1xx_hal_can.o
    0x08001ba2   0x08001ba2   0x00000002   Code   RO         2253    i.HAL_CAN_TxMailbox1CompleteCallback  stm32f1xx_hal_can.o
    0x08001ba4   0x08001ba4   0x00000002   Code   RO         2254    i.HAL_CAN_TxMailbox2AbortCallback  stm32f1xx_hal_can.o
    0x08001ba6   0x08001ba6   0x00000002   Code   RO         2255    i.HAL_CAN_TxMailbox2CompleteCallback  stm32f1xx_hal_can.o
    0x08001ba8   0x08001ba8   0x00000002   Code   RO         2257    i.HAL_CAN_WakeUpFromRxMsgCallback  stm32f1xx_hal_can.o
    0x08001baa   0x08001baa   0x00000046   Code   RO         2459    i.HAL_DAC_ConfigChannel  stm32f1xx_hal_dac.o
    0x08001bf0   0x08001bf0   0x00000028   Code   RO         2469    i.HAL_DAC_Init      stm32f1xx_hal_dac.o
    0x08001c18   0x08001c18   0x00000058   Code   RO          490    i.HAL_DAC_MspInit   dac.o
    0x08001c70   0x08001c70   0x00000046   Code   RO         1626    i.HAL_DMA_Abort     stm32f1xx_hal_dma.o
    0x08001cb6   0x08001cb6   0x00000002   PAD
    0x08001cb8   0x08001cb8   0x00000130   Code   RO         1627    i.HAL_DMA_Abort_IT  stm32f1xx_hal_dma.o
    0x08001de8   0x08001de8   0x00000024   Code   RO         1230    i.HAL_Delay         stm32f1xx_hal.o
    0x08001e0c   0x08001e0c   0x000001e0   Code   RO         1562    i.HAL_GPIO_Init     stm32f1xx_hal_gpio.o
    0x08001fec   0x08001fec   0x0000000a   Code   RO         1564    i.HAL_GPIO_ReadPin  stm32f1xx_hal_gpio.o
    0x08001ff6   0x08001ff6   0x00000010   Code   RO         1565    i.HAL_GPIO_TogglePin  stm32f1xx_hal_gpio.o
    0x08002006   0x08002006   0x0000000a   Code   RO         1566    i.HAL_GPIO_WritePin  stm32f1xx_hal_gpio.o
    0x08002010   0x08002010   0x0000000c   Code   RO         1234    i.HAL_GetTick       stm32f1xx_hal.o
    0x0800201c   0x0800201c   0x00000010   Code   RO         1240    i.HAL_IncTick       stm32f1xx_hal.o
    0x0800202c   0x0800202c   0x00000024   Code   RO         1241    i.HAL_Init          stm32f1xx_hal.o
    0x08002050   0x08002050   0x00000040   Code   RO         1242    i.HAL_InitTick      stm32f1xx_hal.o
    0x08002090   0x08002090   0x0000002c   Code   RO          887    i.HAL_MspInit       stm32f1xx_hal_msp.o
    0x080020bc   0x080020bc   0x00000022   Code   RO         1721    i.HAL_NVIC_DisableIRQ  stm32f1xx_hal_cortex.o
    0x080020de   0x080020de   0x0000001a   Code   RO         1722    i.HAL_NVIC_EnableIRQ  stm32f1xx_hal_cortex.o
    0x080020f8   0x080020f8   0x00000040   Code   RO         1728    i.HAL_NVIC_SetPriority  stm32f1xx_hal_cortex.o
    0x08002138   0x08002138   0x00000024   Code   RO         1729    i.HAL_NVIC_SetPriorityGrouping  stm32f1xx_hal_cortex.o
    0x0800215c   0x0800215c   0x0000013c   Code   RO         1504    i.HAL_RCCEx_GetPeriphCLKFreq  stm32f1xx_hal_rcc_ex.o
    0x08002298   0x08002298   0x00000188   Code   RO         1505    i.HAL_RCCEx_PeriphCLKConfig  stm32f1xx_hal_rcc_ex.o
    0x08002420   0x08002420   0x0000012c   Code   RO         1398    i.HAL_RCC_ClockConfig  stm32f1xx_hal_rcc.o
    0x0800254c   0x0800254c   0x00000020   Code   RO         1405    i.HAL_RCC_GetPCLK1Freq  stm32f1xx_hal_rcc.o
    0x0800256c   0x0800256c   0x00000020   Code   RO         1406    i.HAL_RCC_GetPCLK2Freq  stm32f1xx_hal_rcc.o
    0x0800258c   0x0800258c   0x000000bc   Code   RO         1407    i.HAL_RCC_GetSysClockFreq  stm32f1xx_hal_rcc.o
    0x08002648   0x08002648   0x000003e4   Code   RO         1410    i.HAL_RCC_OscConfig  stm32f1xx_hal_rcc.o
    0x08002a2c   0x08002a2c   0x00000028   Code   RO         1733    i.HAL_SYSTICK_Config  stm32f1xx_hal_cortex.o
    0x08002a54   0x08002a54   0x00000002   Code   RO         3402    i.HAL_TIMEx_BreakCallback  stm32f1xx_hal_tim_ex.o
    0x08002a56   0x08002a56   0x00000002   Code   RO         3403    i.HAL_TIMEx_CommutCallback  stm32f1xx_hal_tim_ex.o
    0x08002a58   0x08002a58   0x00000074   Code   RO         3421    i.HAL_TIMEx_MasterConfigSynchronization  stm32f1xx_hal_tim_ex.o
    0x08002acc   0x08002acc   0x0000005a   Code   RO         2698    i.HAL_TIM_Base_Init  stm32f1xx_hal_tim.o
    0x08002b26   0x08002b26   0x00000002   PAD
    0x08002b28   0x08002b28   0x0000003c   Code   RO          532    i.HAL_TIM_Base_MspInit  tim.o
    0x08002b64   0x08002b64   0x00000064   Code   RO         2703    i.HAL_TIM_Base_Start_IT  stm32f1xx_hal_tim.o
    0x08002bc8   0x08002bc8   0x00000002   Code   RO         2732    i.HAL_TIM_IC_CaptureCallback  stm32f1xx_hal_tim.o
    0x08002bca   0x08002bca   0x00000166   Code   RO         2746    i.HAL_TIM_IRQHandler  stm32f1xx_hal_tim.o
    0x08002d30   0x08002d30   0x00000002   Code   RO         2749    i.HAL_TIM_OC_DelayElapsedCallback  stm32f1xx_hal_tim.o
    0x08002d32   0x08002d32   0x00000002   Code   RO         2776    i.HAL_TIM_PWM_PulseFinishedCallback  stm32f1xx_hal_tim.o
    0x08002d34   0x08002d34   0x000000b8   Code   RO          533    i.HAL_TIM_PeriodElapsedCallback  tim.o
    0x08002dec   0x08002dec   0x00000002   Code   RO         2789    i.HAL_TIM_TriggerCallback  stm32f1xx_hal_tim.o
    0x08002dee   0x08002dee   0x00000002   Code   RO         3680    i.HAL_UARTEx_RxEventCallback  stm32f1xx_hal_uart.o
    0x08002df0   0x08002df0   0x00000002   Code   RO         3694    i.HAL_UART_ErrorCallback  stm32f1xx_hal_uart.o
    0x08002df2   0x08002df2   0x00000002   PAD
    0x08002df4   0x08002df4   0x0000020c   Code   RO         3697    i.HAL_UART_IRQHandler  stm32f1xx_hal_uart.o
    0x08003000   0x08003000   0x00000062   Code   RO         3698    i.HAL_UART_Init     stm32f1xx_hal_uart.o
    0x08003062   0x08003062   0x00000002   PAD
    0x08003064   0x08003064   0x000001a4   Code   RO          590    i.HAL_UART_MspInit  usart.o
    0x08003208   0x08003208   0x0000002a   Code   RO         3703    i.HAL_UART_Receive_IT  stm32f1xx_hal_uart.o
    0x08003232   0x08003232   0x00000002   PAD
    0x08003234   0x08003234   0x0000013c   Code   RO          591    i.HAL_UART_RxCpltCallback  usart.o
    0x08003370   0x08003370   0x000000b2   Code   RO         3706    i.HAL_UART_Transmit  stm32f1xx_hal_uart.o
    0x08003422   0x08003422   0x00000002   Code   RO         3709    i.HAL_UART_TxCpltCallback  stm32f1xx_hal_uart.o
    0x08003424   0x08003424   0x00000002   Code   RO          773    i.HardFault_Handler  stm32f1xx_it.o
    0x08003426   0x08003426   0x00000012   Code   RO          592    i.Int2Byte          usart.o
    0x08003438   0x08003438   0x000000a4   Code   RO          325    i.MX_ADC1_Init      adc.o
    0x080034dc   0x080034dc   0x00000044   Code   RO          405    i.MX_CAN1_Init      can.o
    0x08003520   0x08003520   0x0000004c   Code   RO          491    i.MX_DAC_Init       dac.o
    0x0800356c   0x0800356c   0x000000ec   Code   RO          197    i.MX_GPIO_Init      gpio.o
    0x08003658   0x08003658   0x00000044   Code   RO          534    i.MX_TIM6_Init      tim.o
    0x0800369c   0x0800369c   0x00000040   Code   RO          595    i.MX_UART4_Init     usart.o
    0x080036dc   0x080036dc   0x00000038   Code   RO          596    i.MX_UART5_Init     usart.o
    0x08003714   0x08003714   0x0000003c   Code   RO          597    i.MX_USART1_UART_Init  usart.o
    0x08003750   0x08003750   0x0000003c   Code   RO          598    i.MX_USART3_UART_Init  usart.o
    0x0800378c   0x0800378c   0x00000002   Code   RO          774    i.MemManage_Handler  stm32f1xx_it.o
    0x0800378e   0x0800378e   0x00000002   PAD
    0x08003790   0x08003790   0x00000034   Code   RO          599    i.MotorMaxRPM       usart.o
    0x080037c4   0x080037c4   0x00000034   Code   RO          326    i.MotorMaxRPM_adc   adc.o
    0x080037f8   0x080037f8   0x00000002   Code   RO          775    i.NMI_Handler       stm32f1xx_it.o
    0x080037fa   0x080037fa   0x00000002   Code   RO          776    i.PendSV_Handler    stm32f1xx_it.o
    0x080037fc   0x080037fc   0x00000002   Code   RO          777    i.SVC_Handler       stm32f1xx_it.o
    0x080037fe   0x080037fe   0x00000002   PAD
    0x08003800   0x08003800   0x00000048   Code   RO          406    i.SerialToCanSendProcess  can.o
    0x08003848   0x08003848   0x00000004   Code   RO          778    i.SysTick_Handler   stm32f1xx_it.o
    0x0800384c   0x0800384c   0x00000080   Code   RO           14    i.SystemClock_Config  main.o
    0x080038cc   0x080038cc   0x00000002   Code   RO         4027    i.SystemInit        system_stm32f1xx.o
    0x080038ce   0x080038ce   0x00000002   PAD
    0x080038d0   0x080038d0   0x0000000c   Code   RO          779    i.TIM6_IRQHandler   stm32f1xx_it.o
    0x080038dc   0x080038dc   0x0000007c   Code   RO         2791    i.TIM_Base_SetConfig  stm32f1xx_hal_tim.o
    0x08003958   0x08003958   0x0000000c   Code   RO          780    i.UART4_IRQHandler  stm32f1xx_it.o
    0x08003964   0x08003964   0x0000000c   Code   RO          781    i.UART5_IRQHandler  stm32f1xx_it.o
    0x08003970   0x08003970   0x00000010   Code   RO         3711    i.UART_DMAAbortOnError  stm32f1xx_hal_uart.o
    0x08003980   0x08003980   0x00000030   Code   RO         3721    i.UART_EndRxTransfer  stm32f1xx_hal_uart.o
    0x080039b0   0x080039b0   0x000000b6   Code   RO         3723    i.UART_Receive_IT   stm32f1xx_hal_uart.o
    0x08003a66   0x08003a66   0x00000002   PAD
    0x08003a68   0x08003a68   0x000000b8   Code   RO         3724    i.UART_SetConfig    stm32f1xx_hal_uart.o
    0x08003b20   0x08003b20   0x00000036   Code   RO         3726    i.UART_Start_Receive_IT  stm32f1xx_hal_uart.o
    0x08003b56   0x08003b56   0x00000064   Code   RO         3727    i.UART_WaitOnFlagUntilTimeout  stm32f1xx_hal_uart.o
    0x08003bba   0x08003bba   0x00000002   PAD
    0x08003bbc   0x08003bbc   0x0000000c   Code   RO          782    i.USART1_IRQHandler  stm32f1xx_it.o
    0x08003bc8   0x08003bc8   0x0000000c   Code   RO          783    i.USART3_IRQHandler  stm32f1xx_it.o
    0x08003bd4   0x08003bd4   0x00000020   Code   RO          600    i.Uart_EmptyRxQ     usart.o
    0x08003bf4   0x08003bf4   0x0000003c   Code   RO          601    i.Uart_RxQRead      usart.o
    0x08003c30   0x08003c30   0x00000002   Code   RO          784    i.UsageFault_Handler  stm32f1xx_it.o
    0x08003c32   0x08003c32   0x00000002   PAD
    0x08003c34   0x08003c34   0x00000094   Code   RO          602    i.Usart_Init        usart.o
    0x08003cc8   0x08003cc8   0x00000020   Code   RO         4283    i.__0printf$8       mc_w.l(printf8.o)
    0x08003ce8   0x08003ce8   0x00000020   Code   RO         1735    i.__NVIC_SetPriority  stm32f1xx_hal_cortex.o
    0x08003d08   0x08003d08   0x0000000e   Code   RO         4431    i.__scatterload_copy  mc_w.l(handlers.o)
    0x08003d16   0x08003d16   0x00000002   Code   RO         4432    i.__scatterload_null  mc_w.l(handlers.o)
    0x08003d18   0x08003d18   0x0000000e   Code   RO         4433    i.__scatterload_zeroinit  mc_w.l(handlers.o)
    0x08003d26   0x08003d26   0x00000002   PAD
    0x08003d28   0x08003d28   0x00000404   Code   RO         4290    i._printf_core      mc_w.l(printf8.o)
    0x0800412c   0x0800412c   0x00000024   Code   RO         4291    i._printf_post_padding  mc_w.l(printf8.o)
    0x08004150   0x08004150   0x0000002e   Code   RO         4292    i._printf_pre_padding  mc_w.l(printf8.o)
    0x0800417e   0x0800417e   0x00000002   PAD
    0x08004180   0x08004180   0x00000018   Code   RO           16    i.fputc             main.o
    0x08004198   0x08004198   0x00000050   Code   RO         4337    i.free              mc_w.l(malloc.o)
    0x080041e8   0x080041e8   0x00000028   Code   RO          603    i.ibus_checksum     usart.o
    0x08004210   0x08004210   0x0000001c   Code   RO          604    i.ibus_is_valid     usart.o
    0x0800422c   0x0800422c   0x0000001e   Code   RO          605    i.ibus_read         usart.o
    0x0800424a   0x0800424a   0x00000002   PAD
    0x0800424c   0x0800424c   0x00000024   Code   RO          606    i.ibus_update       usart.o
    0x08004270   0x08004270   0x00000100   Code   RO           17    i.main              main.o
    0x08004370   0x08004370   0x0000006c   Code   RO         4338    i.malloc            mc_w.l(malloc.o)
    0x080043dc   0x080043dc   0x00000010   Data   RO         4028    .constdata          system_stm32f1xx.o
    0x080043ec   0x080043ec   0x00000008   Data   RO         4029    .constdata          system_stm32f1xx.o
    0x080043f4   0x080043f4   0x00000020   Data   RO         4429    Region$$Table       anon$$obj.o


    Execution Region RW_IRAM1 (Exec base: 0x20000000, Load base: 0x08004414, Size: 0x00006058, Max: 0x00010000, ABSOLUTE)

    Exec Addr    Load Addr    Size         Type   Attr      Idx    E Section Name        Object

    0x20000000   0x08004414   0x00000004   Data   RW           18    .data               main.o
    0x20000004   0x08004418   0x00000020   Data   RW          330    .data               adc.o
    0x20000024   0x08004438   0x0000001c   Data   RW          409    .data               can.o
    0x20000040   0x08004454   0x00000014   Data   RW          536    .data               tim.o
    0x20000054   0x08004468   0x00000092   Data   RW          609    .data               usart.o
    0x200000e6   0x080044fa   0x00000002   PAD
    0x200000e8   0x080044fc   0x0000000c   Data   RW         1248    .data               stm32f1xx_hal.o
    0x200000f4   0x08004508   0x00000004   Data   RW         4030    .data               system_stm32f1xx.o
    0x200000f8   0x0800450c   0x00000004   Data   RW         4403    .data               mc_w.l(stdout.o)
    0x200000fc   0x08004510   0x00000004   Data   RW         4408    .data               mc_w.l(mvars.o)
    0x20000100   0x08004514   0x00000004   Data   RW         4409    .data               mc_w.l(mvars.o)
    0x20000104        -       0x00000040   Zero   RW          329    .bss                adc.o
    0x20000144        -       0x000006d8   Zero   RW          407    .bss                can.o
    0x2000081c        -       0x00000014   Zero   RW          492    .bss                dac.o
    0x20000830        -       0x0000006c   Zero   RW          535    .bss                tim.o
    0x2000089c        -       0x000051bc   Zero   RW          608    .bss                usart.o
    0x20005a58        -       0x00000200   Zero   RW            2    HEAP                startup_stm32f105xc.o
    0x20005c58        -       0x00000400   Zero   RW            1    STACK               startup_stm32f105xc.o


==============================================================================

Image component sizes


      Code (inc. data)   RO Data    RW Data    ZI Data      Debug   Object Name

       700         96          0         32         64       4673   adc.o
       488         50          0         28       1752       4309   can.o
       164         22          0          0         20       1543   dac.o
       236         14          0          0          0     627039   gpio.o
       412         46          0          4          0     623093   main.o
        36          8        336          0       1536        780   startup_stm32f105xc.o
       164         28          0         12          0       6809   stm32f1xx_hal.o
      1312         54          0          0          0       7031   stm32f1xx_hal_adc.o
      1658          6          0          0          0      13215   stm32f1xx_hal_can.o
       232         14          0          0          0      29449   stm32f1xx_hal_cortex.o
       110          0          0          0          0       1791   stm32f1xx_hal_dac.o
       374          8          0          0          0       1767   stm32f1xx_hal_dma.o
       516         34          0          0          0       4012   stm32f1xx_hal_gpio.o
        44          6          0          0          0        790   stm32f1xx_hal_msp.o
      1548        112          0          0          0       5304   stm32f1xx_hal_rcc.o
       708         64          0          0          0       2869   stm32f1xx_hal_rcc_ex.o
       680         36          0          0          0       6321   stm32f1xx_hal_tim.o
       120         18          0          0          0       2281   stm32f1xx_hal_tim_ex.o
      1432         10          0          0          0      10212   stm32f1xx_hal_uart.o
       104         42          0          0          0       6561   stm32f1xx_it.o
         2          0         24          4          0       1047   system_stm32f1xx.o
       312         34          0         20        108       2786   tim.o
      2678        346          0        146      20924      15729   usart.o

    ----------------------------------------------------------------------
     14068       1048        392        248      24404    1379411   Object Totals
         0          0         32          0          0          0   (incl. Generated)
        38          0          0          2          0          0   (incl. Padding)

    ----------------------------------------------------------------------

      Code (inc. data)   RO Data    RW Data    ZI Data      Debug   Library Member Name

         0          0          0          0          0          0   entry.o
         0          0          0          0          0          0   entry10a.o
         0          0          0          0          0          0   entry11a.o
         4          0          0          0          0          0   entry12b.o
         8          4          0          0          0          0   entry2.o
         4          0          0          0          0          0   entry5.o
         0          0          0          0          0          0   entry7b.o
         0          0          0          0          0          0   entry8b.o
         8          4          0          0          0          0   entry9a.o
        30          0          0          0          0          0   handlers.o
        36          8          0          0          0         68   init.o
         0          0          0          0          0          0   iusefp.o
        30          0          0          0          0         68   llshl.o
        32          0          0          0          0         68   llushr.o
       188         20          0          0          0        160   malloc.o
        36          0          0          0          0         68   memcpya.o
        36          0          0          0          0        108   memseta.o
         0          0          0          8          0          0   mvars.o
      1142         54          0          0          0        352   printf8.o
         0          0          0          4          0          0   stdout.o
        98          0          0          0          0         92   uldiv.o
        56          0          0          0          0         88   d2f.o
       222          0          0          0          0        100   ddiv.o
       186          0          0          0          0        176   depilogue.o
        34          0          0          0          0         76   dflti.o
       228          0          0          0          0         96   dmul.o
       176          0          0          0          0        140   fadd.o
       124          0          0          0          0         88   fdiv.o
       110          0          0          0          0        168   fepilogue.o
        50          0          0          0          0         68   ffixi.o
       100          0          0          0          0         76   fmul.o
        24          0          0          0          0         68   fscalb.o

    ----------------------------------------------------------------------
      2968         90          0         12          0       2128   Library Totals
         6          0          0          0          0          0   (incl. Padding)

    ----------------------------------------------------------------------

      Code (inc. data)   RO Data    RW Data    ZI Data      Debug   Library Name

      1652         90          0         12          0        984   mc_w.l
      1310          0          0          0          0       1144   mf_w.l

    ----------------------------------------------------------------------
      2968         90          0         12          0       2128   Library Totals

    ----------------------------------------------------------------------

==============================================================================


      Code (inc. data)   RO Data    RW Data    ZI Data      Debug   

     17036       1138        392        260      24404    1373839   Grand Totals
     17036       1138        392        260      24404    1373839   ELF Image Totals
     17036       1138        392        260          0          0   ROM Totals

==============================================================================

    Total RO  Size (Code + RO Data)                17428 (  17.02kB)
    Total RW  Size (RW Data + ZI Data)             24664 (  24.09kB)
    Total ROM Size (Code + RO Data + RW Data)      17688 (  17.27kB)

==============================================================================

