../Core/Src/can.c:50:6:MX_CAN1_Init	8	static
../Core/Src/can.c:82:6:HAL_CAN_MspInit	40	static
../Core/Src/can.c:120:6:HAL_CAN_MspDeInit	16	static
../Core/Src/can.c:151:6:Can_Initial	8	static
../Core/Src/can.c:184:6:CanTxDataProcess	4	static
../Core/Src/can.c:220:6:Can_EmptyRxQ	4	static
../Core/Src/can.c:228:5:Can_RxQRead	8	static
../Core/Src/can.c:237:6:DataFlowProcess	8	static
../Core/Src/can.c:268:6:SerialToCanSendProcess	16	static
../Core/Src/can.c:299:6:CanDataGetFlowProcess	16	static
../Core/Src/can.c:313:6:HAL_CAN_RxFifo0MsgPendingCallback	16	static
