../Core/Src/usart.c:74:6:MX_UART4_Init	8	static
../Core/Src/usart.c:102:6:MX_UART5_Init	8	static
../Core/Src/usart.c:131:6:MX_USART1_UART_Init	8	static
../Core/Src/usart.c:160:6:MX_USART3_UART_Init	8	static
../Core/Src/usart.c:188:6:HAL_UART_MspInit	72	static
../Core/Src/usart.c:315:6:HAL_UART_MspDeInit	16	static
../Core/Src/usart.c:407:6:Uart_EmptyRxQ	16	static
../Core/Src/usart.c:415:5:Uart_RxQRead	24	static
../Core/Src/usart.c:428:5:CommGetChar	16	static
../Core/Src/usart.c:433:6:HAL_UART_RxCpltCallback	32	static
../Core/Src/usart.c:488:8:Usart_Init	16	static
../Core/Src/usart.c:537:6:CommBufClear	24	static
../Core/Src/usart.c:568:6:DataGetFlowProcess	32	static
../Core/Src/usart.c:865:6:DataSendToMotor	56	dynamic
../Core/Src/usart.c:929:7:IsChkSumOK	24	static
../Core/Src/usart.c:938:6:GetCheckSum	24	static
../Core/Src/usart.c:944:7:Byte2Int	16	static
../Core/Src/usart.c:948:5:Byte2LInt	16	static
../Core/Src/usart.c:953:7:Int2Byte	24	static
../Core/Src/usart.c:959:7:LInt2Byte	24	static
../Core/Src/usart.c:969:6:update_channels	24	static
../Core/Src/usart.c:1052:6:CalcRPM	40	static
../Core/Src/usart.c:1088:6:CursorPosition	24	static
../Core/Src/usart.c:1097:6:ibus_read	16	static
../Core/Src/usart.c:1110:6:ibus_is_valid	4	static
../Core/Src/usart.c:1116:6:ibus_checksum	24	static
../Core/Src/usart.c:1130:6:ibus_update	16	static
../Core/Src/usart.c:1138:7:MotorMaxRPM	24	static
